Component: ARM Compiler 5.06 update 7 (build 960) Tool: armlink [4d3601]

==============================================================================

Section Cross References

    startup_stm32g431xx.o(STACK) refers (Special) to heapauxi.o(.text) for __use_two_region_memory
    startup_stm32g431xx.o(HEAP) refers (Special) to heapauxi.o(.text) for __use_two_region_memory
    startup_stm32g431xx.o(RESET) refers (Special) to heapauxi.o(.text) for __use_two_region_memory
    startup_stm32g431xx.o(RESET) refers to startup_stm32g431xx.o(STACK) for __initial_sp
    startup_stm32g431xx.o(RESET) refers to startup_stm32g431xx.o(.text) for Reset_Handler
    startup_stm32g431xx.o(RESET) refers to stm32g4xx_it.o(i.NMI_Handler) for NMI_Handler
    startup_stm32g431xx.o(RESET) refers to stm32g4xx_it.o(i.HardFault_Handler) for HardFault_Handler
    startup_stm32g431xx.o(RESET) refers to stm32g4xx_it.o(i.MemManage_Handler) for MemManage_Handler
    startup_stm32g431xx.o(RESET) refers to stm32g4xx_it.o(i.BusFault_Handler) for BusFault_Handler
    startup_stm32g431xx.o(RESET) refers to stm32g4xx_it.o(i.UsageFault_Handler) for UsageFault_Handler
    startup_stm32g431xx.o(RESET) refers to stm32g4xx_it.o(i.SVC_Handler) for SVC_Handler
    startup_stm32g431xx.o(RESET) refers to stm32g4xx_it.o(i.DebugMon_Handler) for DebugMon_Handler
    startup_stm32g431xx.o(RESET) refers to stm32g4xx_it.o(i.PendSV_Handler) for PendSV_Handler
    startup_stm32g431xx.o(RESET) refers to stm32g4xx_it.o(i.SysTick_Handler) for SysTick_Handler
    startup_stm32g431xx.o(RESET) refers to stm32g4xx_it.o(i.TIM2_IRQHandler) for TIM2_IRQHandler
    startup_stm32g431xx.o(.text) refers (Special) to heapauxi.o(.text) for __use_two_region_memory
    startup_stm32g431xx.o(.text) refers to system_stm32g4xx.o(i.SystemInit) for SystemInit
    startup_stm32g431xx.o(.text) refers to __main.o(!!!main) for __main
    startup_stm32g431xx.o(.text) refers to startup_stm32g431xx.o(HEAP) for Heap_Mem
    startup_stm32g431xx.o(.text) refers to startup_stm32g431xx.o(STACK) for Stack_Mem
    main.o(i.SystemClock_Config) refers to rt_memclr_w.o(.text) for __aeabi_memclr4
    main.o(i.SystemClock_Config) refers to stm32g4xx_hal_pwr_ex.o(i.HAL_PWREx_ControlVoltageScaling) for HAL_PWREx_ControlVoltageScaling
    main.o(i.SystemClock_Config) refers to stm32g4xx_hal_rcc.o(i.HAL_RCC_OscConfig) for HAL_RCC_OscConfig
    main.o(i.SystemClock_Config) refers to stm32g4xx_hal_rcc.o(i.HAL_RCC_ClockConfig) for HAL_RCC_ClockConfig
    main.o(i.main) refers to stm32g4xx_hal.o(i.HAL_Init) for HAL_Init
    main.o(i.main) refers to main.o(i.SystemClock_Config) for SystemClock_Config
    main.o(i.main) refers to gpio.o(i.MX_GPIO_Init) for MX_GPIO_Init
    main.o(i.main) refers to rtc.o(i.MX_RTC_Init) for MX_RTC_Init
    main.o(i.main) refers to tim.o(i.MX_TIM3_Init) for MX_TIM3_Init
    main.o(i.main) refers to adc.o(i.MX_ADC1_Init) for MX_ADC1_Init
    main.o(i.main) refers to adc.o(i.MX_ADC2_Init) for MX_ADC2_Init
    main.o(i.main) refers to tim.o(i.MX_TIM2_Init) for MX_TIM2_Init
    main.o(i.main) refers to tim.o(i.MX_TIM4_Init) for MX_TIM4_Init
    main.o(i.main) refers to lcd.o(i.LCD_Init) for LCD_Init
    main.o(i.main) refers to lcd.o(i.LCD_SetBackColor) for LCD_SetBackColor
    main.o(i.main) refers to lcd.o(i.LCD_SetTextColor) for LCD_SetTextColor
    main.o(i.main) refers to lcd.o(i.LCD_Clear) for LCD_Clear
    main.o(i.main) refers to stm32g4xx_hal_tim.o(i.HAL_TIM_Base_Start) for HAL_TIM_Base_Start
    main.o(i.main) refers to stm32g4xx_hal_tim.o(i.HAL_TIM_IC_Start_IT) for HAL_TIM_IC_Start_IT
    main.o(i.main) refers to fun.o(i.key_scan) for key_scan
    main.o(i.main) refers to fun.o(i.lcd_show) for lcd_show
    main.o(i.main) refers to tim.o(.bss) for htim3
    gpio.o(i.MX_GPIO_Init) refers to rt_memclr_w.o(.text) for __aeabi_memclr4
    gpio.o(i.MX_GPIO_Init) refers to stm32g4xx_hal_gpio.o(i.HAL_GPIO_WritePin) for HAL_GPIO_WritePin
    gpio.o(i.MX_GPIO_Init) refers to stm32g4xx_hal_gpio.o(i.HAL_GPIO_Init) for HAL_GPIO_Init
    adc.o(i.HAL_ADC_MspDeInit) refers to stm32g4xx_hal_gpio.o(i.HAL_GPIO_DeInit) for HAL_GPIO_DeInit
    adc.o(i.HAL_ADC_MspDeInit) refers to adc.o(.data) for .data
    adc.o(i.HAL_ADC_MspInit) refers to rt_memclr_w.o(.text) for __aeabi_memclr4
    adc.o(i.HAL_ADC_MspInit) refers to stm32g4xx_hal_rcc_ex.o(i.HAL_RCCEx_PeriphCLKConfig) for HAL_RCCEx_PeriphCLKConfig
    adc.o(i.HAL_ADC_MspInit) refers to main.o(i.Error_Handler) for Error_Handler
    adc.o(i.HAL_ADC_MspInit) refers to stm32g4xx_hal_gpio.o(i.HAL_GPIO_Init) for HAL_GPIO_Init
    adc.o(i.HAL_ADC_MspInit) refers to adc.o(.data) for .data
    adc.o(i.MX_ADC1_Init) refers to rt_memclr_w.o(.text) for __aeabi_memclr4
    adc.o(i.MX_ADC1_Init) refers to stm32g4xx_hal_adc.o(i.HAL_ADC_Init) for HAL_ADC_Init
    adc.o(i.MX_ADC1_Init) refers to main.o(i.Error_Handler) for Error_Handler
[...]
    i.BusFault_Handler                       0x080007b0   Section        0  stm32g4xx_it.o(i.BusFault_Handler)
    i.DebugMon_Handler                       0x080007b2   Section        0  stm32g4xx_it.o(i.DebugMon_Handler)
    i.Delay_LCD                              0x080007b4   Section        0  lcd.o(i.Delay_LCD)
    i.Error_Handler                          0x080007d0   Section        0  main.o(i.Error_Handler)
    i.HAL_ADCEx_MultiModeConfigChannel       0x080007d4   Section        0  stm32g4xx_hal_adc_ex.o(i.HAL_ADCEx_MultiModeConfigChannel)
    i.HAL_ADC_ConfigChannel                  0x080008ac   Section        0  stm32g4xx_hal_adc.o(i.HAL_ADC_ConfigChannel)
    i.HAL_ADC_GetValue                       0x08000cd0   Section        0  stm32g4xx_hal_adc.o(i.HAL_ADC_GetValue)
    i.HAL_ADC_Init                           0x08000cd8   Section        0  stm32g4xx_hal_adc.o(i.HAL_ADC_Init)
    i.HAL_ADC_MspInit                        0x08000ecc   Section        0  adc.o(i.HAL_ADC_MspInit)
    i.HAL_ADC_Start                          0x08000fb0   Section        0  stm32g4xx_hal_adc.o(i.HAL_ADC_Start)
    i.HAL_Delay                              0x080010a4   Section        0  stm32g4xx_hal.o(i.HAL_Delay)
    i.HAL_GPIO_Init                          0x080010c8   Section        0  stm32g4xx_hal_gpio.o(i.HAL_GPIO_Init)
    i.HAL_GPIO_ReadPin                       0x08001310   Section        0  stm32g4xx_hal_gpio.o(i.HAL_GPIO_ReadPin)
    i.HAL_GPIO_WritePin                      0x0800131a   Section        0  stm32g4xx_hal_gpio.o(i.HAL_GPIO_WritePin)
    i.HAL_GetTick                            0x08001324   Section        0  stm32g4xx_hal.o(i.HAL_GetTick)
    i.HAL_IncTick                            0x08001330   Section        0  stm32g4xx_hal.o(i.HAL_IncTick)
    i.HAL_Init                               0x08001340   Section        0  stm32g4xx_hal.o(i.HAL_Init)
    i.HAL_InitTick                           0x08001360   Section        0  stm32g4xx_hal.o(i.HAL_InitTick)
    i.HAL_MspInit                            0x080013a4   Section        0  stm32g4xx_hal_msp.o(i.HAL_MspInit)
    i.HAL_NVIC_EnableIRQ                     0x080013d4   Section        0  stm32g4xx_hal_cortex.o(i.HAL_NVIC_EnableIRQ)
    i.HAL_NVIC_SetPriority                   0x080013f0   Section        0  stm32g4xx_hal_cortex.o(i.HAL_NVIC_SetPriority)
    i.HAL_NVIC_SetPriorityGrouping           0x08001430   Section        0  stm32g4xx_hal_cortex.o(i.HAL_NVIC_SetPriorityGrouping)
    i.HAL_PWREx_ControlVoltageScaling        0x08001454   Section        0  stm32g4xx_hal_pwr_ex.o(i.HAL_PWREx_ControlVoltageScaling)
    i.HAL_PWREx_DisableUCPDDeadBattery       0x08001510   Section        0  stm32g4xx_hal_pwr_ex.o(i.HAL_PWREx_DisableUCPDDeadBattery)
    i.HAL_RCCEx_PeriphCLKConfig              0x08001520   Section        0  stm32g4xx_hal_rcc_ex.o(i.HAL_RCCEx_PeriphCLKConfig)
    i.HAL_RCC_ClockConfig                    0x080017a8   Section        0  stm32g4xx_hal_rcc.o(i.HAL_RCC_ClockConfig)
    i.HAL_RCC_GetSysClockFreq                0x08001984   Section        0  stm32g4xx_hal_rcc.o(i.HAL_RCC_GetSysClockFreq)
    i.HAL_RCC_OscConfig                      0x080019f4   Section        0  stm32g4xx_hal_rcc.o(i.HAL_RCC_OscConfig)
    i.HAL_RTC_GetDate                        0x08001df8   Section        0  stm32g4xx_hal_rtc.o(i.HAL_RTC_GetDate)
    i.HAL_RTC_GetTime                        0x08001e3c   Section        0  stm32g4xx_hal_rtc.o(i.HAL_RTC_GetTime)
    i.HAL_RTC_Init                           0x08001e90   Section        0  stm32g4xx_hal_rtc.o(i.HAL_RTC_Init)
    i.HAL_RTC_MspInit                        0x08001f2c   Section        0  rtc.o(i.HAL_RTC_MspInit)
    i.HAL_RTC_SetDate                        0x08001f84   Section        0  stm32g4xx_hal_rtc.o(i.HAL_RTC_SetDate)
    i.HAL_RTC_SetTime                        0x08002024   Section        0  stm32g4xx_hal_rtc.o(i.HAL_RTC_SetTime)
    i.HAL_RTC_WaitForSynchro                 0x080020f0   Section        0  stm32g4xx_hal_rtc.o(i.HAL_RTC_WaitForSynchro)
    i.HAL_SYSTICK_Config                     0x08002128   Section        0  stm32g4xx_hal_cortex.o(i.HAL_SYSTICK_Config)
    i.HAL_TIMEx_Break2Callback               0x08002150   Section        0  stm32g4xx_hal_tim_ex.o(i.HAL_TIMEx_Break2Callback)
    i.HAL_TIMEx_BreakCallback                0x08002152   Section        0  stm32g4xx_hal_tim_ex.o(i.HAL_TIMEx_BreakCallback)
    i.HAL_TIMEx_CommutCallback               0x08002154   Section        0  stm32g4xx_hal_tim_ex.o(i.HAL_TIMEx_CommutCallback)
    i.HAL_TIMEx_DirectionChangeCallback      0x08002156   Section        0  stm32g4xx_hal_tim_ex.o(i.HAL_TIMEx_DirectionChangeCallback)
    i.HAL_TIMEx_EncoderIndexCallback         0x08002158   Section        0  stm32g4xx_hal_tim_ex.o(i.HAL_TIMEx_EncoderIndexCallback)
    i.HAL_TIMEx_IndexErrorCallback           0x0800215a   Section        0  stm32g4xx_hal_tim_ex.o(i.HAL_TIMEx_IndexErrorCallback)
    i.HAL_TIMEx_MasterConfigSynchronization  0x0800215c   Section        0  stm32g4xx_hal_tim_ex.o(i.HAL_TIMEx_MasterConfigSynchronization)
    i.HAL_TIMEx_TransitionErrorCallback      0x080021f8   Section        0  stm32g4xx_hal_tim_ex.o(i.HAL_TIMEx_TransitionErrorCallback)
    i.HAL_TIM_Base_Init                      0x080021fa   Section        0  stm32g4xx_hal_tim.o(i.HAL_TIM_Base_Init)
    i.HAL_TIM_Base_MspInit                   0x0800225c   Section        0  tim.o(i.HAL_TIM_Base_MspInit)
    i.HAL_TIM_Base_Start                     0x08002284   Section        0  stm32g4xx_hal_tim.o(i.HAL_TIM_Base_Start)
    i.HAL_TIM_ConfigClockSource              0x080022f0   Section        0  stm32g4xx_hal_tim.o(i.HAL_TIM_ConfigClockSource)
    i.HAL_TIM_IC_CaptureCallback             0x080023f0   Section        0  fun.o(i.HAL_TIM_IC_CaptureCallback)
    i.HAL_TIM_IC_ConfigChannel               0x08002420   Section        0  stm32g4xx_hal_tim.o(i.HAL_TIM_IC_ConfigChannel)
    i.HAL_TIM_IC_Init                        0x08002544   Section        0  stm32g4xx_hal_tim.o(i.HAL_TIM_IC_Init)
    i.HAL_TIM_IC_MspInit                     0x080025a8   Section        0  tim.o(i.HAL_TIM_IC_MspInit)
    i.HAL_TIM_IC_Start_IT                    0x08002618   Section        0  stm32g4xx_hal_tim.o(i.HAL_TIM_IC_Start_IT)
    i.HAL_TIM_IRQHandler                     0x08002744   Section        0  stm32g4xx_hal_tim.o(i.HAL_TIM_IRQHandler)
    i.HAL_TIM_MspPostInit                    0x080028e8   Section        0  tim.o(i.HAL_TIM_MspPostInit)
    i.HAL_TIM_OC_DelayElapsedCallback        0x08002938   Section        0  stm32g4xx_hal_tim.o(i.HAL_TIM_OC_DelayElapsedCallback)
    i.HAL_TIM_PWM_ConfigChannel              0x0800293a   Section        0  stm32g4xx_hal_tim.o(i.HAL_TIM_PWM_ConfigChannel)
    i.HAL_TIM_PWM_Init                       0x08002a5e   Section        0  stm32g4xx_hal_tim.o(i.HAL_TIM_PWM_Init)
    i.HAL_TIM_PWM_MspInit                    0x08002ac0   Section        0  tim.o(i.HAL_TIM_PWM_MspInit)
    i.HAL_TIM_PWM_PulseFinishedCallback      0x08002ae8   Section        0  stm32g4xx_hal_tim.o(i.HAL_TIM_PWM_PulseFinishedCallback)
    i.HAL_TIM_PeriodElapsedCallback          0x08002aea   Section        0  stm32g4xx_hal_tim.o(i.HAL_TIM_PeriodElapsedCallback)
    i.HAL_TIM_TriggerCallback                0x08002aec   Section        0  stm32g4xx_hal_tim.o(i.HAL_TIM_TriggerCallback)
    i.HardFault_Handler                      0x08002aee   Section        0  stm32g4xx_it.o(i.HardFault_Handler)
    i.LCD_BusIn                              0x08002af0   Section        0  lcd.o(i.LCD_BusIn)
    i.LCD_BusOut                             0x08002b1c   Section        0  lcd.o(i.LCD_BusOut)
    i.LCD_Clear                              0x08002b4c   Section        0  lcd.o(i.LCD_Clear)
    i.LCD_CtrlLinesConfig                    0x08002b70   Section        0  lcd.o(i.LCD_CtrlLinesConfig)
    i.LCD_DisplayChar                        0x08002c00   Section        0  lcd.o(i.LCD_DisplayChar)
    i.LCD_DisplayStringLine                  0x08002c18   Section        0  lcd.o(i.LCD_DisplayStringLine)
    i.LCD_DrawChar                           0x08002c44   Section        0  lcd.o(i.LCD_DrawChar)
    i.LCD_Init                               0x08002c9c   Section        0  lcd.o(i.LCD_Init)
    i.LCD_ReadReg                            0x08002cd0   Section        0  lcd.o(i.LCD_ReadReg)
    i.LCD_SetBackColor                       0x08002d50   Section        0  lcd.o(i.LCD_SetBackColor)
    i.LCD_SetCursor                          0x08002d60   Section        0  lcd.o(i.LCD_SetCursor)
    i.LCD_SetTextColor                       0x08002d78   Section        0  lcd.o(i.LCD_SetTextColor)
    i.LCD_WriteRAM                           0x08002d88   Section        0  lcd.o(i.LCD_WriteRAM)
    i.LCD_WriteRAM_Prepare                   0x08002de0   Section        0  lcd.o(i.LCD_WriteRAM_Prepare)
    i.LCD_WriteReg                           0x08002e3c   Section        0  lcd.o(i.LCD_WriteReg)
    i.LL_ADC_GetOffsetChannel                0x08002ea8   Section        0  stm32g4xx_hal_adc.o(i.LL_ADC_GetOffsetChannel)
    LL_ADC_GetOffsetChannel                  0x08002ea9   Thumb Code    12  stm32g4xx_hal_adc.o(i.LL_ADC_GetOffsetChannel)
    i.LL_ADC_INJ_IsConversionOngoing         0x08002eb4   Section        0  stm32g4xx_hal_adc.o(i.LL_ADC_INJ_IsConversionOngoing)
    LL_ADC_INJ_IsConversionOngoing           0x08002eb5   Thumb Code     8  stm32g4xx_hal_adc.o(i.LL_ADC_INJ_IsConversionOngoing)
    i.LL_ADC_REG_IsConversionOngoing         0x08002ebc   Section        0  stm32g4xx_hal_adc.o(i.LL_ADC_REG_IsConversionOngoing)
    LL_ADC_REG_IsConversionOngoing           0x08002ebd   Thumb Code     8  stm32g4xx_hal_adc.o(i.LL_ADC_REG_IsConversionOngoing)
    i.LL_ADC_REG_IsConversionOngoing         0x08002ec4   Section        0  stm32g4xx_hal_adc_ex.o(i.LL_ADC_REG_IsConversionOngoing)
    LL_ADC_REG_IsConversionOngoing           0x08002ec5   Thumb Code     8  stm32g4xx_hal_adc_ex.o(i.LL_ADC_REG_IsConversionOngoing)
    i.LL_ADC_SetChannelSamplingTime          0x08002ecc   Section        0  stm32g4xx_hal_adc.o(i.LL_ADC_SetChannelSamplingTime)
    LL_ADC_SetChannelSamplingTime            0x08002ecd   Thumb Code    30  stm32g4xx_hal_adc.o(i.LL_ADC_SetChannelSamplingTime)
    i.LL_ADC_SetOffsetState                  0x08002eea   Section        0  stm32g4xx_hal_adc.o(i.LL_ADC_SetOffsetState)
    LL_ADC_SetOffsetState                    0x08002eeb   Thumb Code    16  stm32g4xx_hal_adc.o(i.LL_ADC_SetOffsetState)
    i.MX_ADC1_Init                           0x08002efc   Section        0  adc.o(i.MX_ADC1_Init)
    i.MX_ADC2_Init                           0x08002f8c   Section        0  adc.o(i.MX_ADC2_Init)
    i.MX_GPIO_Init                           0x08003008   Section        0  gpio.o(i.MX_GPIO_Init)
    i.MX_RTC_Init                            0x080030dc   Section        0  rtc.o(i.MX_RTC_Init)
    i.MX_TIM2_Init                           0x08003168   Section        0  tim.o(i.MX_TIM2_Init)
    i.MX_TIM3_Init                           0x080031d4   Section        0  tim.o(i.MX_TIM3_Init)
    i.MX_TIM4_Init                           0x08003248   Section        0  tim.o(i.MX_TIM4_Init)
    i.MemManage_Handler                      0x080032b4   Section        0  stm32g4xx_it.o(i.MemManage_Handler)
    i.NMI_Handler                            0x080032b6   Section        0  stm32g4xx_it.o(i.NMI_Handler)
    i.PendSV_Handler                         0x080032b8   Section        0  stm32g4xx_it.o(i.PendSV_Handler)
    i.REG_8230_Init                          0x080032ba   Section        0  lcd.o(i.REG_8230_Init)
    i.REG_932X_Init                          0x080033cc   Section        0  lcd.o(i.REG_932X_Init)
    i.RTC_Bcd2ToByte                         0x080035ce   Section        0  stm32g4xx_hal_rtc.o(i.RTC_Bcd2ToByte)
    i.RTC_ByteToBcd2                         0x080035e0   Section        0  stm32g4xx_hal_rtc.o(i.RTC_ByteToBcd2)
    i.RTC_EnterInitMode                      0x080035f8   Section        0  stm32g4xx_hal_rtc.o(i.RTC_EnterInitMode)
    i.RTC_ExitInitMode                       0x08003642   Section        0  stm32g4xx_hal_rtc.o(i.RTC_ExitInitMode)
    i.SVC_Handler                            0x08003692   Section        0  stm32g4xx_it.o(i.SVC_Handler)
    i.SysTick_Handler                        0x08003694   Section        0  stm32g4xx_it.o(i.SysTick_Handler)
    i.SystemClock_Config                     0x08003698   Section        0  main.o(i.SystemClock_Config)
    i.SystemInit                             0x08003704   Section        0  system_stm32g4xx.o(i.SystemInit)
    i.TIM2_IRQHandler                        0x08003714   Section        0  stm32g4xx_it.o(i.TIM2_IRQHandler)
    i.TIM_Base_SetConfig                     0x08003720   Section        0  stm32g4xx_hal_tim.o(i.TIM_Base_SetConfig)
    i.TIM_CCxChannelCmd                      0x080037dc   Section        0  stm32g4xx_hal_tim.o(i.TIM_CCxChannelCmd)
    i.TIM_ETR_SetConfig                      0x080037f6   Section        0  stm32g4xx_hal_tim.o(i.TIM_ETR_SetConfig)
    i.TIM_ITRx_SetConfig                     0x0800380c   Section        0  stm32g4xx_hal_tim.o(i.TIM_ITRx_SetConfig)
    TIM_ITRx_SetConfig                       0x0800380d   Thumb Code    16  stm32g4xx_hal_tim.o(i.TIM_ITRx_SetConfig)
    i.TIM_OC1_SetConfig                      0x08003820   Section        0  stm32g4xx_hal_tim.o(i.TIM_OC1_SetConfig)
    TIM_OC1_SetConfig                        0x08003821   Thumb Code   132  stm32g4xx_hal_tim.o(i.TIM_OC1_SetConfig)
    i.TIM_OC2_SetConfig                      0x080038bc   Section        0  stm32g4xx_hal_tim.o(i.TIM_OC2_SetConfig)
    i.TIM_OC3_SetConfig                      0x0800394c   Section        0  stm32g4xx_hal_tim.o(i.TIM_OC3_SetConfig)
    TIM_OC3_SetConfig                        0x0800394d   Thumb Code   118  stm32g4xx_hal_tim.o(i.TIM_OC3_SetConfig)
    i.TIM_OC4_SetConfig                      0x080039dc   Section        0  stm32g4xx_hal_tim.o(i.TIM_OC4_SetConfig)
    TIM_OC4_SetConfig                        0x080039dd   Thumb Code   120  stm32g4xx_hal_tim.o(i.TIM_OC4_SetConfig)
    i.TIM_OC5_SetConfig                      0x08003a6c   Section        0  stm32g4xx_hal_tim.o(i.TIM_OC5_SetConfig)
    TIM_OC5_SetConfig                        0x08003a6d   Thumb Code    86  stm32g4xx_hal_tim.o(i.TIM_OC5_SetConfig)
    i.TIM_OC6_SetConfig                      0x08003adc   Section        0  stm32g4xx_hal_tim.o(i.TIM_OC6_SetConfig)
    TIM_OC6_SetConfig                        0x08003add   Thumb Code    88  stm32g4xx_hal_tim.o(i.TIM_OC6_SetConfig)
    i.TIM_TI1_ConfigInputStage               0x08003b4c   Section        0  stm32g4xx_hal_tim.o(i.TIM_TI1_ConfigInputStage)
    TIM_TI1_ConfigInputStage                 0x08003b4d   Thumb Code    34  stm32g4xx_hal_tim.o(i.TIM_TI1_ConfigInputStage)
    i.TIM_TI1_SetConfig                      0x08003b70   Section        0  stm32g4xx_hal_tim.o(i.TIM_TI1_SetConfig)
    i.TIM_TI2_ConfigInputStage               0x08003bdc   Section        0  stm32g4xx_hal_tim.o(i.TIM_TI2_ConfigInputStage)
    TIM_TI2_ConfigInputStage                 0x08003bdd   Thumb Code    36  stm32g4xx_hal_tim.o(i.TIM_TI2_ConfigInputStage)
    i.TIM_TI2_SetConfig                      0x08003c00   Section        0  stm32g4xx_hal_tim.o(i.TIM_TI2_SetConfig)
    TIM_TI2_SetConfig                        0x08003c01   Thumb Code    54  stm32g4xx_hal_tim.o(i.TIM_TI2_SetConfig)
    i.UsageFault_Handler                     0x08003c36   Section        0  stm32g4xx_it.o(i.UsageFault_Handler)
    i.__NVIC_SetPriority                     0x08003c38   Section        0  stm32g4xx_hal_cortex.o(i.__NVIC_SetPriority)
    __NVIC_SetPriority                       0x08003c39   Thumb Code    32  stm32g4xx_hal_cortex.o(i.__NVIC_SetPriority)
    i._is_digit                              0x08003c58   Section        0  __printf_wp.o(i._is_digit)
    i.get_vol                                0x08003c68   Section        0  fun.o(i.get_vol)
    i.key_scan                               0x08003ca8   Section        0  fun.o(i.key_scan)
    i.lcd_pwm1                               0x08003e18   Section        0  fun.o(i.lcd_pwm1)
    i.lcd_recd                               0x08003f68   Section        0  fun.o(i.lcd_recd)
    i.lcd_show                               0x08003fc8   Section        0  fun.o(i.lcd_show)
    i.led_Disp                               0x08004338   Section        0  fun.o(i.led_Disp)
    i.main                                   0x0800438c   Section        0  main.o(i.main)
    x$fpl$dcmpinf                            0x080043f4   Section       24  dcmpi.o(x$fpl$dcmpinf)
    $v0                                      0x080043f4   Number         0  dcmpi.o(x$fpl$dcmpinf)
    x$fpl$ddiv                               0x0800440c   Section      688  ddiv.o(x$fpl$ddiv)
    $v0                                      0x0800440c   Number         0  ddiv.o(x$fpl$ddiv)
    ddiv_entry                               0x08004413   Thumb Code     0  ddiv.o(x$fpl$ddiv)
    x$fpl$dfixu                              0x080046bc   Section       90  dfixu.o(x$fpl$dfixu)
    $v0                                      0x080046bc   Number         0  dfixu.o(x$fpl$dfixu)
    x$fpl$dflt                               0x08004716   Section       46  dflt_clz.o(x$fpl$dflt)
    $v0                                      0x08004716   Number         0  dflt_clz.o(x$fpl$dflt)
    x$fpl$dfltu                              0x08004744   Section       38  dflt_clz.o(x$fpl$dfltu)
    $v0                                      0x08004744   Number         0  dflt_clz.o(x$fpl$dfltu)
    x$fpl$dleqf                              0x0800476c   Section      120  dleqf.o(x$fpl$dleqf)
    $v0                                      0x0800476c   Number         0  dleqf.o(x$fpl$dleqf)
    x$fpl$dmul                               0x080047e4   Section      340  dmul.o(x$fpl$dmul)
    $v0                                      0x080047e4   Number         0  dmul.o(x$fpl$dmul)
    x$fpl$dnaninf                            0x08004938   Section      156  dnaninf.o(x$fpl$dnaninf)
    $v0                                      0x08004938   Number         0  dnaninf.o(x$fpl$dnaninf)
    x$fpl$dretinf                            0x080049d4   Section       12  dretinf.o(x$fpl$dretinf)
    $v0                                      0x080049d4   Number         0  dretinf.o(x$fpl$dretinf)
    x$fpl$drleqf                             0x080049e0   Section      108  drleqf.o(x$fpl$drleqf)
    $v0                                      0x080049e0   Number         0  drleqf.o(x$fpl$drleqf)
    x$fpl$fpinit                             0x08004a4c   Section       10  fpinit.o(x$fpl$fpinit)
    $v0                                      0x08004a4c   Number         0  fpinit.o(x$fpl$fpinit)
    .constdata                               0x08004a56   Section       16  system_stm32g4xx.o(.constdata)
    x$fpl$usenofp                            0x08004a56   Section        0  usenofp.o(x$fpl$usenofp)
    .constdata                               0x08004a66   Section     4560  lcd.o(.constdata)
    .constdata                               0x08005c36   Section       17  __printf_flags_wp.o(.constdata)
    maptable                                 0x08005c36   Data          17  __printf_flags_wp.o(.constdata)
    .data                                    0x20000000   Section        4  adc.o(.data)
    HAL_RCC_ADC12_CLK_ENABLED                0x20000000   Data           4  adc.o(.data)
    .data                                    0x20000004   Section       12  stm32g4xx_hal.o(.data)
    .data                                    0x20000010   Section        4  system_stm32g4xx.o(.data)
    .data                                    0x20000018   Section       80  fun.o(.data)
    .data                                    0x20000068   Section        6  lcd.o(.data)
    TextColor                                0x20000068   Data           2  lcd.o(.data)
    BackColor                                0x2000006a   Data           2  lcd.o(.data)
    .bss                                     0x20000070   Section      216  adc.o(.bss)
    .bss                                     0x20000148   Section       40  rtc.o(.bss)
    .bss                                     0x20000170   Section      228  tim.o(.bss)
    .bss                                     0x20000254   Section       65  fun.o(.bss)
    .bss                                     0x20000298   Section       96  libspace.o(.bss)
    HEAP                                     0x200002f8   Section      512  startup_stm32g431xx.o(HEAP)
    Heap_Mem                                 0x200002f8   Data         512  startup_stm32g431xx.o(HEAP)
    STACK                                    0x200004f8   Section     1024  startup_stm32g431xx.o(STACK)
    Stack_Mem                                0x200004f8   Data        1024  startup_stm32g431xx.o(STACK)
    __initial_sp                             0x200008f8   Data           0  startup_stm32g431xx.o(STACK)

    Global Symbols

    Symbol Name                              Value     Ov Type        Size  Object(Section)

    BuildAttributes$$THM_ISAv4$E$P$D$K$B$S$7EM$VFPi3$EXTD16$VFPS$VFMA$PE$A:L22UL41UL21$X:L11$S22US41US21$IEEE1$IW$USESV6$~STKCKD$USESV7$~SHL$OSPACE$ROPI$EBA8$UX$STANDARDLIB$REQ8$PRES8$EABIv2 0x00000000   Number         0  anon$$obj.o ABSOLUTE
    __ARM_use_no_argv                        0x00000000   Number         0  main.o ABSOLUTE
    _printf_flags                            0x00000000   Number         0  printf_stubs.o ABSOLUTE
    _printf_return_value                     0x00000000   Number         0  printf_stubs.o ABSOLUTE
    _printf_sizespec                         0x00000000   Number         0  printf_stubs.o ABSOLUTE
    _printf_widthprec                        0x00000000   Number         0  printf_stubs.o ABSOLUTE
    __ARM_exceptions_init                     - Undefined Weak Reference
    __alloca_initialize                       - Undefined Weak Reference
    __arm_fini_                               - Undefined Weak Reference
    __arm_preinit_                            - Undefined Weak Reference
    __cpp_initialize__aeabi_                  - Undefined Weak Reference
    __cxa_finalize                            - Undefined Weak Reference
    __rt_locale                               - Undefined Weak Reference
    __sigvec_lookup                           - Undefined Weak Reference
    _atexit_init                              - Undefined Weak Reference
    _call_atexit_fns                          - Undefined Weak Reference
    _clock_init                               - Undefined Weak Reference
    _fp_trap_init                             - Undefined Weak Reference
    _fp_trap_shutdown                         - Undefined Weak Reference
    _get_lc_collate                           - Undefined Weak Reference
    _get_lc_ctype                             - Undefined Weak Reference
    _get_lc_monetary                          - Undefined Weak Reference
    _get_lc_numeric                           - Undefined Weak Reference
    _get_lc_time                              - Undefined Weak Reference
    _getenv_init                              - Undefined Weak Reference
    _handle_redirection                       - Undefined Weak Reference
    _init_alloc                               - Undefined Weak Reference
    _init_user_alloc                          - Undefined Weak Reference
    _initio                                   - Undefined Weak Reference
    _printf_truncate_signed                   - Undefined Weak Reference
    _printf_truncate_unsigned                 - Undefined Weak Reference
    _rand_init                                - Undefined Weak Reference
    _signal_finish                            - Undefined Weak Reference
    _signal_init                              - Undefined Weak Reference
    _terminate_alloc                          - Undefined Weak Reference
    _terminate_user_alloc                     - Undefined Weak Reference
    _terminateio                              - Undefined Weak Reference
    __Vectors_Size                           0x000001d8   Number         0  startup_stm32g431xx.o ABSOLUTE
    __Vectors                                0x08000000   Data           4  startup_stm32g431xx.o(RESET)
    __Vectors_End                            0x080001d8   Data           0  startup_stm32g431xx.o(RESET)
    __main                                   0x080001d9   Thumb Code     8  __main.o(!!!main)
    __scatterload                            0x080001e1   Thumb Code     0  __scatter.o(!!!scatter)
    __scatterload_rt2                        0x080001e1   Thumb Code    44  __scatter.o(!!!scatter)
    __scatterload_rt2_thumb_only             0x080001e1   Thumb Code     0  __scatter.o(!!!scatter)
    __scatterload_null                       0x080001ef   Thumb Code     0  __scatter.o(!!!scatter)
    __scatterload_copy                       0x08000215   Thumb Code    26  __scatter_copy.o(!!handler_copy)
    __scatterload_zeroinit                   0x08000231   Thumb Code    28  __scatter_zi.o(!!handler_zi)
    _printf_d                                0x0800024d   Thumb Code     0  _printf_d.o(.ARM.Collect$$_printf_percent$$00000009)
    _printf_percent                          0x0800024d   Thumb Code     0  _printf_percent.o(.ARM.Collect$$_printf_percent$$00000000)
    _printf_percent_end                      0x08000253   Thumb Code     0  _printf_percent_end.o(.ARM.Collect$$_printf_percent$$00000017)
    __rt_lib_init                            0x08000257   Thumb Code     0  libinit.o(.ARM.Collect$$libinit$$00000000)
    __rt_lib_init_fp_1                       0x08000259   Thumb Code     0  libinit2.o(.ARM.Collect$$libinit$$00000001)
    __rt_lib_init_alloca_1                   0x0800025d   Thumb Code     0  libinit2.o(.ARM.Collect$$libinit$$0000002E)
    __rt_lib_init_argv_1                     0x0800025d   Thumb Code     0  libinit2.o(.ARM.Collect$$libinit$$0000002C)
    __rt_lib_init_atexit_1                   0x0800025d   Thumb Code     0  libinit2.o(.ARM.Collect$$libinit$$0000001B)
    __rt_lib_init_clock_1                    0x0800025d   Thumb Code     0  libinit2.o(.ARM.Collect$$libinit$$00000021)
    __rt_lib_init_cpp_1                      0x0800025d   Thumb Code     0  libinit2.o(.ARM.Collect$$libinit$$00000032)
    __rt_lib_init_exceptions_1               0x0800025d   Thumb Code     0  libinit2.o(.ARM.Collect$$libinit$$00000030)
    __rt_lib_init_fp_trap_1                  0x0800025d   Thumb Code     0  libinit2.o(.ARM.Collect$$libinit$$0000001F)
    __rt_lib_init_getenv_1                   0x0800025d   Thumb Code     0  libinit2.o(.ARM.Collect$$libinit$$00000023)
    __rt_lib_init_heap_1                     0x0800025d   Thumb Code     0  libinit2.o(.ARM.Collect$$libinit$$0000000A)
    __rt_lib_init_lc_collate_1               0x0800025d   Thumb Code     0  libinit2.o(.ARM.Collect$$libinit$$00000011)
    __rt_lib_init_lc_ctype_1                 0x0800025d   Thumb Code     0  libinit2.o(.ARM.Collect$$libinit$$00000013)
    __rt_lib_init_lc_monetary_1              0x0800025d   Thumb Code     0  libinit2.o(.ARM.Collect$$libinit$$00000015)
    __rt_lib_init_lc_numeric_1               0x0800025d   Thumb Code     0  libinit2.o(.ARM.Collect$$libinit$$00000017)
    __rt_lib_init_lc_time_1                  0x0800025d   Thumb Code     0  libinit2.o(.ARM.Collect$$libinit$$00000019)
    __rt_lib_init_preinit_1                  0x0800025d   Thumb Code     0  libinit2.o(.ARM.Collect$$libinit$$00000004)
    __rt_lib_init_rand_1                     0x0800025d   Thumb Code     0  libinit2.o(.ARM.Collect$$libinit$$0000000E)
    __rt_lib_init_return                     0x0800025d   Thumb Code     0  libinit2.o(.ARM.Collect$$libinit$$00000033)
    __rt_lib_init_signal_1                   0x0800025d   Thumb Code     0  libinit2.o(.ARM.Collect$$libinit$$0000001D)
    __rt_lib_init_stdio_1                    0x0800025d   Thumb Code     0  libinit2.o(.ARM.Collect$$libinit$$00000025)
    __rt_lib_init_user_alloc_1               0x0800025d   Thumb Code     0  libinit2.o(.ARM.Collect$$libinit$$0000000C)
    __rt_lib_shutdown                        0x0800025f   Thumb Code     0  libshutdown.o(.ARM.Collect$$libshutdown$$00000000)
    __rt_lib_shutdown_cpp_1                  0x08000261   Thumb Code     0  libshutdown2.o(.ARM.Collect$$libshutdown$$00000004)
    __rt_lib_shutdown_fini_1                 0x08000261   Thumb Code     0  libshutdown2.o(.ARM.Collect$$libshutdown$$00000002)
    __rt_lib_shutdown_fp_trap_1              0x08000261   Thumb Code     0  libshutdown2.o(.ARM.Collect$$libshutdown$$00000009)
    __rt_lib_shutdown_heap_1                 0x08000261   Thumb Code     0  libshutdown2.o(.ARM.Collect$$libshutdown$$00000011)
    __rt_lib_shutdown_return                 0x08000261   Thumb Code     0  libshutdown2.o(.ARM.Collect$$libshutdown$$00000012)
    __rt_lib_shutdown_signal_1               0x08000261   Thumb Code     0  libshutdown2.o(.ARM.Collect$$libshutdown$$0000000C)
    __rt_lib_shutdown_stdio_1                0x08000261   Thumb Code     0  libshutdown2.o(.ARM.Collect$$libshutdown$$00000006)
    __rt_lib_shutdown_user_alloc_1           0x08000261   Thumb Code     0  libshutdown2.o(.ARM.Collect$$libshutdown$$0000000E)
    __rt_entry                               0x08000263   Thumb Code     0  __rtentry.o(.ARM.Collect$$rtentry$$00000000)
    __rt_entry_presh_1                       0x08000263   Thumb Code     0  __rtentry2.o(.ARM.Collect$$rtentry$$00000002)
    __rt_entry_sh                            0x08000263   Thumb Code     0  __rtentry4.o(.ARM.Collect$$rtentry$$00000004)
    __rt_entry_li                            0x08000269   Thumb Code     0  __rtentry2.o(.ARM.Collect$$rtentry$$0000000A)
    __rt_entry_postsh_1                      0x08000269   Thumb Code     0  __rtentry2.o(.ARM.Collect$$rtentry$$00000009)
    __rt_entry_main                          0x0800026d   Thumb Code     0  __rtentry2.o(.ARM.Collect$$rtentry$$0000000D)
    __rt_entry_postli_1                      0x0800026d   Thumb Code     0  __rtentry2.o(.ARM.Collect$$rtentry$$0000000C)
    __rt_exit                                0x08000275   Thumb Code     0  rtexit.o(.ARM.Collect$$rtexit$$00000000)
    __rt_exit_ls                             0x08000277   Thumb Code     0  rtexit2.o(.ARM.Collect$$rtexit$$00000003)
    __rt_exit_prels_1                        0x08000277   Thumb Code     0  rtexit2.o(.ARM.Collect$$rtexit$$00000002)
    __rt_exit_exit                           0x0800027b   Thumb Code     0  rtexit2.o(.ARM.Collect$$rtexit$$00000004)
    Reset_Handler                            0x08000281   Thumb Code     8  startup_stm32g431xx.o(.text)
    ADC1_2_IRQHandler                        0x0800029b   Thumb Code     0  startup_stm32g431xx.o(.text)
    COMP1_2_3_IRQHandler                     0x0800029b   Thumb Code     0  startup_stm32g431xx.o(.text)
    COMP4_IRQHandler                         0x0800029b   Thumb Code     0  startup_stm32g431xx.o(.text)
    CORDIC_IRQHandler                        0x0800029b   Thumb Code     0  startup_stm32g431xx.o(.text)
    CRS_IRQHandler                           0x0800029b   Thumb Code     0  startup_stm32g431xx.o(.text)
    DMA1_Channel1_IRQHandler                 0x0800029b   Thumb Code     0  startup_stm32g431xx.o(.text)
    DMA1_Channel2_IRQHandler                 0x0800029b   Thumb Code     0  startup_stm32g431xx.o(.text)
    DMA1_Channel3_IRQHandler                 0x0800029b   Thumb Code     0  startup_stm32g431xx.o(.text)
    DMA1_Channel4_IRQHandler                 0x0800029b   Thumb Code     0  startup_stm32g431xx.o(.text)
    DMA1_Channel5_IRQHandler                 0x0800029b   Thumb Code     0  startup_stm32g431xx.o(.text)
    DMA1_Channel6_IRQHandler                 0x0800029b   Thumb Code     0  startup_stm32g431xx.o(.text)
    DMA2_Channel1_IRQHandler                 0x0800029b   Thumb Code     0  startup_stm32g431xx.o(.text)
    DMA2_Channel2_IRQHandler                 0x0800029b   Thumb Code     0  startup_stm32g431xx.o(.text)
    DMA2_Channel3_IRQHandler                 0x0800029b   Thumb Code     0  startup_stm32g431xx.o(.text)
    DMA2_Channel4_IRQHandler                 0x0800029b   Thumb Code     0  startup_stm32g431xx.o(.text)
    DMA2_Channel5_IRQHandler                 0x0800029b   Thumb Code     0  startup_stm32g431xx.o(.text)
    DMA2_Channel6_IRQHandler                 0x0800029b   Thumb Code     0  startup_stm32g431xx.o(.text)
    DMAMUX_OVR_IRQHandler                    0x0800029b   Thumb Code     0  startup_stm32g431xx.o(.text)
    EXTI0_IRQHandler                         0x0800029b   Thumb Code     0  startup_stm32g431xx.o(.text)
    EXTI15_10_IRQHandler                     0x0800029b   Thumb Code     0  startup_stm32g431xx.o(.text)
    EXTI1_IRQHandler                         0x0800029b   Thumb Code     0  startup_stm32g431xx.o(.text)
    EXTI2_IRQHandler                         0x0800029b   Thumb Code     0  startup_stm32g431xx.o(.text)
    EXTI3_IRQHandler                         0x0800029b   Thumb Code     0  startup_stm32g431xx.o(.text)
    EXTI4_IRQHandler                         0x0800029b   Thumb Code     0  startup_stm32g431xx.o(.text)
    EXTI9_5_IRQHandler                       0x0800029b   Thumb Code     0  startup_stm32g431xx.o(.text)
    FDCAN1_IT0_IRQHandler                    0x0800029b   Thumb Code     0  startup_stm32g431xx.o(.text)
    FDCAN1_IT1_IRQHandler                    0x0800029b   Thumb Code     0  startup_stm32g431xx.o(.text)
    FLASH_IRQHandler                         0x0800029b   Thumb Code     0  startup_stm32g431xx.o(.text)
    FMAC_IRQHandler                          0x0800029b   Thumb Code     0  startup_stm32g431xx.o(.text)
    FPU_IRQHandler                           0x0800029b   Thumb Code     0  startup_stm32g431xx.o(.text)
    I2C1_ER_IRQHandler                       0x0800029b   Thumb Code     0  startup_stm32g431xx.o(.text)
    I2C1_EV_IRQHandler                       0x0800029b   Thumb Code     0  startup_stm32g431xx.o(.text)
    I2C2_ER_IRQHandler                       0x0800029b   Thumb Code     0  startup_stm32g431xx.o(.text)
    I2C2_EV_IRQHandler                       0x0800029b   Thumb Code     0  startup_stm32g431xx.o(.text)
    I2C3_ER_IRQHandler                       0x0800029b   Thumb Code     0  startup_stm32g431xx.o(.text)
    I2C3_EV_IRQHandler                       0x0800029b   Thumb Code     0  startup_stm32g431xx.o(.text)
    LPTIM1_IRQHandler                        0x0800029b   Thumb Code     0  startup_stm32g431xx.o(.text)
    LPUART1_IRQHandler                       0x0800029b   Thumb Code     0  startup_stm32g431xx.o(.text)
    PVD_PVM_IRQHandler                       0x0800029b   Thumb Code     0  startup_stm32g431xx.o(.text)
    RCC_IRQHandler                           0x0800029b   Thumb Code     0  startup_stm32g431xx.o(.text)
    RNG_IRQHandler                           0x0800029b   Thumb Code     0  startup_stm32g431xx.o(.text)
    RTC_Alarm_IRQHandler                     0x0800029b   Thumb Code     0  startup_stm32g431xx.o(.text)
    RTC_TAMP_LSECSS_IRQHandler               0x0800029b   Thumb Code     0  startup_stm32g431xx.o(.text)
    RTC_WKUP_IRQHandler                      0x0800029b   Thumb Code     0  startup_stm32g431xx.o(.text)
    SAI1_IRQHandler                          0x0800029b   Thumb Code     0  startup_stm32g431xx.o(.text)
    SPI1_IRQHandler                          0x0800029b   Thumb Code     0  startup_stm32g431xx.o(.text)
    SPI2_IRQHandler                          0x0800029b   Thumb Code     0  startup_stm32g431xx.o(.text)
    SPI3_IRQHandler                          0x0800029b   Thumb Code     0  startup_stm32g431xx.o(.text)
    TIM1_BRK_TIM15_IRQHandler                0x0800029b   Thumb Code     0  startup_stm32g431xx.o(.text)
    TIM1_CC_IRQHandler                       0x0800029b   Thumb Code     0  startup_stm32g431xx.o(.text)
    TIM1_TRG_COM_TIM17_IRQHandler            0x0800029b   Thumb Code     0  startup_stm32g431xx.o(.text)
    TIM1_UP_TIM16_IRQHandler                 0x0800029b   Thumb Code     0  startup_stm32g431xx.o(.text)
    TIM3_IRQHandler                          0x0800029b   Thumb Code     0  startup_stm32g431xx.o(.text)
    TIM4_IRQHandler                          0x0800029b   Thumb Code     0  startup_stm32g431xx.o(.text)
    TIM6_DAC_IRQHandler                      0x0800029b   Thumb Code     0  startup_stm32g431xx.o(.text)
    TIM7_IRQHandler                          0x0800029b   Thumb Code     0  startup_stm32g431xx.o(.text)
    TIM8_BRK_IRQHandler                      0x0800029b   Thumb Code     0  startup_stm32g431xx.o(.text)
    TIM8_CC_IRQHandler                       0x0800029b   Thumb Code     0  startup_stm32g431xx.o(.text)
    TIM8_TRG_COM_IRQHandler                  0x0800029b   Thumb Code     0  startup_stm32g431xx.o(.text)
    TIM8_UP_IRQHandler                       0x0800029b   Thumb Code     0  startup_stm32g431xx.o(.text)
    UART4_IRQHandler                         0x0800029b   Thumb Code     0  startup_stm32g431xx.o(.text)
    UCPD1_IRQHandler                         0x0800029b   Thumb Code     0  startup_stm32g431xx.o(.text)
    USART1_IRQHandler                        0x0800029b   Thumb Code     0  startup_stm32g431xx.o(.text)
    USART2_IRQHandler                        0x0800029b   Thumb Code     0  startup_stm32g431xx.o(.text)
    USART3_IRQHandler                        0x0800029b   Thumb Code     0  startup_stm32g431xx.o(.text)
    USBWakeUp_IRQHandler                     0x0800029b   Thumb Code     0  startup_stm32g431xx.o(.text)
    USB_HP_IRQHandler                        0x0800029b   Thumb Code     0  startup_stm32g431xx.o(.text)
    USB_LP_IRQHandler                        0x0800029b   Thumb Code     0  startup_stm32g431xx.o(.text)
    WWDG_IRQHandler                          0x0800029b   Thumb Code     0  startup_stm32g431xx.o(.text)
    __user_initial_stackheap                 0x0800029d   Thumb Code     0  startup_stm32g431xx.o(.text)
    __2sprintf                               0x080002c1   Thumb Code    34  noretval__2sprintf.o(.text)
    _printf_pre_padding                      0x080002e9   Thumb Code    44  _printf_pad.o(.text)
    _printf_post_padding                     0x08000315   Thumb Code    34  _printf_pad.o(.text)
    _printf_int_dec                          0x08000339   Thumb Code   104  _printf_dec.o(.text)
    __printf                                 0x080003b1   Thumb Code   308  __printf_flags_wp.o(.text)
    __aeabi_memcpy4                          0x080004e9   Thumb Code     0  rt_memcpy_w.o(.text)
    __aeabi_memcpy8                          0x080004e9   Thumb Code     0  rt_memcpy_w.o(.text)
    __rt_memcpy_w                            0x080004e9   Thumb Code   100  rt_memcpy_w.o(.text)
    _memcpy_lastbytes_aligned                0x08000531   Thumb Code     0  rt_memcpy_w.o(.text)
    __aeabi_memclr4                          0x0800054d   Thumb Code     0  rt_memclr_w.o(.text)
    __aeabi_memclr8                          0x0800054d   Thumb Code     0  rt_memclr_w.o(.text)
    __rt_memclr_w                            0x0800054d   Thumb Code    78  rt_memclr_w.o(.text)
    _memset_w                                0x08000551   Thumb Code     0  rt_memclr_w.o(.text)
    __use_two_region_memory                  0x0800059b   Thumb Code     2  heapauxi.o(.text)
    __rt_heap_escrow$2region                 0x0800059d   Thumb Code     2  heapauxi.o(.text)
    __rt_heap_expand$2region                 0x0800059f   Thumb Code     2  heapauxi.o(.text)
    _printf_int_common                       0x080005a1   Thumb Code   178  _printf_intcommon.o(.text)
    _printf_char_common                      0x0800065f   Thumb Code    32  _printf_char_common.o(.text)
    _sputc                                   0x08000685   Thumb Code    10  _sputc.o(.text)
    __user_setup_stackheap                   0x0800068f   Thumb Code    74  sys_stackheap_outer.o(.text)
    exit                                     0x080006d9   Thumb Code    18  exit.o(.text)
    __user_libspace                          0x080006ed   Thumb Code     8  libspace.o(.text)
    __user_perproc_libspace                  0x080006ed   Thumb Code     0  libspace.o(.text)
    __user_perthread_libspace                0x080006ed   Thumb Code     0  libspace.o(.text)
    _sys_exit                                0x080006f5   Thumb Code     8  sys_exit.o(.text)
    __I$use$semihosting                      0x08000701   Thumb Code     0  use_no_semi.o(.text)
    __use_no_semihosting_swi                 0x08000701   Thumb Code     2  use_no_semi.o(.text)
    __semihosting_library_function           0x08000703   Thumb Code     0  indicate_semi.o(.text)
    ADC_Enable                               0x08000705   Thumb Code   154  stm32g4xx_hal_adc.o(i.ADC_Enable)
    BusFault_Handler                         0x080007b1   Thumb Code     2  stm32g4xx_it.o(i.BusFault_Handler)
    DebugMon_Handler                         0x080007b3   Thumb Code     2  stm32g4xx_it.o(i.DebugMon_Handler)
    Delay_LCD                                0x080007b5   Thumb Code    28  lcd.o(i.Delay_LCD)
    Error_Handler                            0x080007d1   Thumb Code     4  main.o(i.Error_Handler)
    HAL_ADCEx_MultiModeConfigChannel         0x080007d5   Thumb Code   208  stm32g4xx_hal_adc_ex.o(i.HAL_ADCEx_MultiModeConfigChannel)
    HAL_ADC_ConfigChannel                    0x080008ad   Thumb Code  1006  stm32g4xx_hal_adc.o(i.HAL_ADC_ConfigChannel)
    HAL_ADC_GetValue                         0x08000cd1   Thumb Code     6  stm32g4xx_hal_adc.o(i.HAL_ADC_GetValue)
    HAL_ADC_Init                             0x08000cd9   Thumb Code   466  stm32g4xx_hal_adc.o(i.HAL_ADC_Init)
    HAL_ADC_MspInit                          0x08000ecd   Thumb Code   210  adc.o(i.HAL_ADC_MspInit)
    HAL_ADC_Start                            0x08000fb1   Thumb Code   230  stm32g4xx_hal_adc.o(i.HAL_ADC_Start)
    HAL_Delay                                0x080010a5   Thumb Code    32  stm32g4xx_hal.o(i.HAL_Delay)
    HAL_GPIO_Init                            0x080010c9   Thumb Code   550  stm32g4xx_hal_gpio.o(i.HAL_GPIO_Init)
    HAL_GPIO_ReadPin                         0x08001311   Thumb Code    10  stm32g4xx_hal_gpio.o(i.HAL_GPIO_ReadPin)
    HAL_GPIO_WritePin                        0x0800131b   Thumb Code    10  stm32g4xx_hal_gpio.o(i.HAL_GPIO_WritePin)
    HAL_GetTick                              0x08001325   Thumb Code     6  stm32g4xx_hal.o(i.HAL_GetTick)
    HAL_IncTick                              0x08001331   Thumb Code    12  stm32g4xx_hal.o(i.HAL_IncTick)
    HAL_Init                                 0x08001341   Thumb Code    30  stm32g4xx_hal.o(i.HAL_Init)
    HAL_InitTick                             0x08001361   Thumb Code    58  stm32g4xx_hal.o(i.HAL_InitTick)
    HAL_MspInit                              0x080013a5   Thumb Code    42  stm32g4xx_hal_msp.o(i.HAL_MspInit)
    HAL_NVIC_EnableIRQ                       0x080013d5   Thumb Code    26  stm32g4xx_hal_cortex.o(i.HAL_NVIC_EnableIRQ)
    HAL_NVIC_SetPriority                     0x080013f1   Thumb Code    60  stm32g4xx_hal_cortex.o(i.HAL_NVIC_SetPriority)
    HAL_NVIC_SetPriorityGrouping             0x08001431   Thumb Code    26  stm32g4xx_hal_cortex.o(i.HAL_NVIC_SetPriorityGrouping)
    HAL_PWREx_ControlVoltageScaling          0x08001455   Thumb Code   174  stm32g4xx_hal_pwr_ex.o(i.HAL_PWREx_ControlVoltageScaling)
    HAL_PWREx_DisableUCPDDeadBattery         0x08001511   Thumb Code    12  stm32g4xx_hal_pwr_ex.o(i.HAL_PWREx_DisableUCPDDeadBattery)
    HAL_RCCEx_PeriphCLKConfig                0x08001521   Thumb Code   638  stm32g4xx_hal_rcc_ex.o(i.HAL_RCCEx_PeriphCLKConfig)
    HAL_RCC_ClockConfig                      0x080017a9   Thumb Code   444  stm32g4xx_hal_rcc.o(i.HAL_RCC_ClockConfig)
    HAL_RCC_GetSysClockFreq                  0x08001985   Thumb Code    98  stm32g4xx_hal_rcc.o(i.HAL_RCC_GetSysClockFreq)
    HAL_RCC_OscConfig                        0x080019f5   Thumb Code  1028  stm32g4xx_hal_rcc.o(i.HAL_RCC_OscConfig)
    HAL_RTC_GetDate                          0x08001df9   Thumb Code    62  stm32g4xx_hal_rtc.o(i.HAL_RTC_GetDate)
    HAL_RTC_GetTime                          0x08001e3d   Thumb Code    78  stm32g4xx_hal_rtc.o(i.HAL_RTC_GetTime)
    HAL_RTC_Init                             0x08001e91   Thumb Code   152  stm32g4xx_hal_rtc.o(i.HAL_RTC_Init)
    HAL_RTC_MspInit                          0x08001f2d   Thumb Code    78  rtc.o(i.HAL_RTC_MspInit)
    HAL_RTC_SetDate                          0x08001f85   Thumb Code   156  stm32g4xx_hal_rtc.o(i.HAL_RTC_SetDate)
    HAL_RTC_SetTime                          0x08002025   Thumb Code   198  stm32g4xx_hal_rtc.o(i.HAL_RTC_SetTime)
    HAL_RTC_WaitForSynchro                   0x080020f1   Thumb Code    50  stm32g4xx_hal_rtc.o(i.HAL_RTC_WaitForSynchro)
    HAL_SYSTICK_Config                       0x08002129   Thumb Code    40  stm32g4xx_hal_cortex.o(i.HAL_SYSTICK_Config)
    HAL_TIMEx_Break2Callback                 0x08002151   Thumb Code     2  stm32g4xx_hal_tim_ex.o(i.HAL_TIMEx_Break2Callback)
    HAL_TIMEx_BreakCallback                  0x08002153   Thumb Code     2  stm32g4xx_hal_tim_ex.o(i.HAL_TIMEx_BreakCallback)
    HAL_TIMEx_CommutCallback                 0x08002155   Thumb Code     2  stm32g4xx_hal_tim_ex.o(i.HAL_TIMEx_CommutCallback)
    HAL_TIMEx_DirectionChangeCallback        0x08002157   Thumb Code     2  stm32g4xx_hal_tim_ex.o(i.HAL_TIMEx_DirectionChangeCallback)
    HAL_TIMEx_EncoderIndexCallback           0x08002159   Thumb Code     2  stm32g4xx_hal_tim_ex.o(i.HAL_TIMEx_EncoderIndexCallback)
    HAL_TIMEx_IndexErrorCallback             0x0800215b   Thumb Code     2  stm32g4xx_hal_tim_ex.o(i.HAL_TIMEx_IndexErrorCallback)
    HAL_TIMEx_MasterConfigSynchronization    0x0800215d   Thumb Code   132  stm32g4xx_hal_tim_ex.o(i.HAL_TIMEx_MasterConfigSynchronization)
    HAL_TIMEx_TransitionErrorCallback        0x080021f9   Thumb Code     2  stm32g4xx_hal_tim_ex.o(i.HAL_TIMEx_TransitionErrorCallback)
    HAL_TIM_Base_Init                        0x080021fb   Thumb Code    98  stm32g4xx_hal_tim.o(i.HAL_TIM_Base_Init)
    HAL_TIM_Base_MspInit                     0x0800225d   Thumb Code    30  tim.o(i.HAL_TIM_Base_MspInit)
    HAL_TIM_Base_Start                       0x08002285   Thumb Code    84  stm32g4xx_hal_tim.o(i.HAL_TIM_Base_Start)
    HAL_TIM_ConfigClockSource                0x080022f1   Thumb Code   246  stm32g4xx_hal_tim.o(i.HAL_TIM_ConfigClockSource)
    HAL_TIM_IC_CaptureCallback               0x080023f1   Thumb Code    38  fun.o(i.HAL_TIM_IC_CaptureCallback)
    HAL_TIM_IC_ConfigChannel                 0x08002421   Thumb Code   292  stm32g4xx_hal_tim.o(i.HAL_TIM_IC_ConfigChannel)
    HAL_TIM_IC_Init                          0x08002545   Thumb Code    98  stm32g4xx_hal_tim.o(i.HAL_TIM_IC_Init)
    HAL_TIM_IC_MspInit                       0x080025a9   Thumb Code   106  tim.o(i.HAL_TIM_IC_MspInit)
    HAL_TIM_IC_Start_IT                      0x08002619   Thumb Code   274  stm32g4xx_hal_tim.o(i.HAL_TIM_IC_Start_IT)
    HAL_TIM_IRQHandler                       0x08002745   Thumb Code   418  stm32g4xx_hal_tim.o(i.HAL_TIM_IRQHandler)
    HAL_TIM_MspPostInit                      0x080028e9   Thumb Code    70  tim.o(i.HAL_TIM_MspPostInit)
    HAL_TIM_OC_DelayElapsedCallback          0x08002939   Thumb Code     2  stm32g4xx_hal_tim.o(i.HAL_TIM_OC_DelayElapsedCallback)
    HAL_TIM_PWM_ConfigChannel                0x0800293b   Thumb Code   292  stm32g4xx_hal_tim.o(i.HAL_TIM_PWM_ConfigChannel)
    HAL_TIM_PWM_Init                         0x08002a5f   Thumb Code    98  stm32g4xx_hal_tim.o(i.HAL_TIM_PWM_Init)
    HAL_TIM_PWM_MspInit                      0x08002ac1   Thumb Code    30  tim.o(i.HAL_TIM_PWM_MspInit)
    HAL_TIM_PWM_PulseFinishedCallback        0x08002ae9   Thumb Code     2  stm32g4xx_hal_tim.o(i.HAL_TIM_PWM_PulseFinishedCallback)
    HAL_TIM_PeriodElapsedCallback            0x08002aeb   Thumb Code     2  stm32g4xx_hal_tim.o(i.HAL_TIM_PeriodElapsedCallback)
    HAL_TIM_TriggerCallback                  0x08002aed   Thumb Code     2  stm32g4xx_hal_tim.o(i.HAL_TIM_TriggerCallback)
    HardFault_Handler                        0x08002aef   Thumb Code     2  stm32g4xx_it.o(i.HardFault_Handler)
    LCD_BusIn                                0x08002af1   Thumb Code    40  lcd.o(i.LCD_BusIn)
    LCD_BusOut                               0x08002b1d   Thumb Code    42  lcd.o(i.LCD_BusOut)
    LCD_Clear                                0x08002b4d   Thumb Code    36  lcd.o(i.LCD_Clear)
    LCD_CtrlLinesConfig                      0x08002b71   Thumb Code   134  lcd.o(i.LCD_CtrlLinesConfig)
    LCD_DisplayChar                          0x08002c01   Thumb Code    18  lcd.o(i.LCD_DisplayChar)
    LCD_DisplayStringLine                    0x08002c19   Thumb Code    42  lcd.o(i.LCD_DisplayStringLine)
    LCD_DrawChar                             0x08002c45   Thumb Code    84  lcd.o(i.LCD_DrawChar)
    LCD_Init                                 0x08002c9d   Thumb Code    46  lcd.o(i.LCD_Init)
    LCD_ReadReg                              0x08002cd1   Thumb Code   120  lcd.o(i.LCD_ReadReg)
    LCD_SetBackColor                         0x08002d51   Thumb Code    12  lcd.o(i.LCD_SetBackColor)
    LCD_SetCursor                            0x08002d61   Thumb Code    24  lcd.o(i.LCD_SetCursor)
    LCD_SetTextColor                         0x08002d79   Thumb Code    12  lcd.o(i.LCD_SetTextColor)
    LCD_WriteRAM                             0x08002d89   Thumb Code    80  lcd.o(i.LCD_WriteRAM)
    LCD_WriteRAM_Prepare                     0x08002de1   Thumb Code    82  lcd.o(i.LCD_WriteRAM_Prepare)
    LCD_WriteReg                             0x08002e3d   Thumb Code   100  lcd.o(i.LCD_WriteReg)
    MX_ADC1_Init                             0x08002efd   Thumb Code   136  adc.o(i.MX_ADC1_Init)
    MX_ADC2_Init                             0x08002f8d   Thumb Code   110  adc.o(i.MX_ADC2_Init)
    MX_GPIO_Init                             0x08003009   Thumb Code   194  gpio.o(i.MX_GPIO_Init)
    MX_RTC_Init                              0x080030dd   Thumb Code   130  rtc.o(i.MX_RTC_Init)
    MX_TIM2_Init                             0x08003169   Thumb Code   102  tim.o(i.MX_TIM2_Init)
    MX_TIM3_Init                             0x080031d5   Thumb Code   106  tim.o(i.MX_TIM3_Init)
    MX_TIM4_Init                             0x08003249   Thumb Code    98  tim.o(i.MX_TIM4_Init)
    MemManage_Handler                        0x080032b5   Thumb Code     2  stm32g4xx_it.o(i.MemManage_Handler)
    NMI_Handler                              0x080032b7   Thumb Code     2  stm32g4xx_it.o(i.NMI_Handler)
    PendSV_Handler                           0x080032b9   Thumb Code     2  stm32g4xx_it.o(i.PendSV_Handler)
    REG_8230_Init                            0x080032bb   Thumb Code   274  lcd.o(i.REG_8230_Init)
    REG_932X_Init                            0x080033cd   Thumb Code   514  lcd.o(i.REG_932X_Init)
    RTC_Bcd2ToByte                           0x080035cf   Thumb Code    18  stm32g4xx_hal_rtc.o(i.RTC_Bcd2ToByte)
    RTC_ByteToBcd2                           0x080035e1   Thumb Code    24  stm32g4xx_hal_rtc.o(i.RTC_ByteToBcd2)
    RTC_EnterInitMode                        0x080035f9   Thumb Code    74  stm32g4xx_hal_rtc.o(i.RTC_EnterInitMode)
    RTC_ExitInitMode                         0x08003643   Thumb Code    80  stm32g4xx_hal_rtc.o(i.RTC_ExitInitMode)
    SVC_Handler                              0x08003693   Thumb Code     2  stm32g4xx_it.o(i.SVC_Handler)
    SysTick_Handler                          0x08003695   Thumb Code     4  stm32g4xx_it.o(i.SysTick_Handler)
    SystemClock_Config                       0x08003699   Thumb Code   108  main.o(i.SystemClock_Config)
    SystemInit                               0x08003705   Thumb Code    12  system_stm32g4xx.o(i.SystemInit)
    TIM2_IRQHandler                          0x08003715   Thumb Code     6  stm32g4xx_it.o(i.TIM2_IRQHandler)
    TIM_Base_SetConfig                       0x08003721   Thumb Code   160  stm32g4xx_hal_tim.o(i.TIM_Base_SetConfig)
    TIM_CCxChannelCmd                        0x080037dd   Thumb Code    26  stm32g4xx_hal_tim.o(i.TIM_CCxChannelCmd)
    TIM_ETR_SetConfig                        0x080037f7   Thumb Code    20  stm32g4xx_hal_tim.o(i.TIM_ETR_SetConfig)
    TIM_OC2_SetConfig                        0x080038bd   Thumb Code   120  stm32g4xx_hal_tim.o(i.TIM_OC2_SetConfig)
    TIM_TI1_SetConfig                        0x08003b71   Thumb Code    88  stm32g4xx_hal_tim.o(i.TIM_TI1_SetConfig)
    UsageFault_Handler                       0x08003c37   Thumb Code     2  stm32g4xx_it.o(i.UsageFault_Handler)
    _is_digit                                0x08003c59   Thumb Code    14  __printf_wp.o(i._is_digit)
    get_vol                                  0x08003c69   Thumb Code    48  fun.o(i.get_vol)
    key_scan                                 0x08003ca9   Thumb Code   356  fun.o(i.key_scan)
    lcd_pwm1                                 0x08003e19   Thumb Code   304  fun.o(i.lcd_pwm1)
    lcd_recd                                 0x08003f69   Thumb Code    86  fun.o(i.lcd_recd)
    lcd_show                                 0x08003fc9   Thumb Code   480  fun.o(i.lcd_show)
    led_Disp                                 0x08004339   Thumb Code    74  fun.o(i.led_Disp)
    main                                     0x0800438d   Thumb Code    90  main.o(i.main)
    __fpl_dcmp_Inf                           0x080043f5   Thumb Code    24  dcmpi.o(x$fpl$dcmpinf)
    __aeabi_ddiv                             0x0800440d   Thumb Code     0  ddiv.o(x$fpl$ddiv)
    _ddiv                                    0x0800440d   Thumb Code   552  ddiv.o(x$fpl$ddiv)
    __aeabi_d2uiz                            0x080046bd   Thumb Code     0  dfixu.o(x$fpl$dfixu)
    _dfixu                                   0x080046bd   Thumb Code    90  dfixu.o(x$fpl$dfixu)
    __aeabi_i2d                              0x08004717   Thumb Code     0  dflt_clz.o(x$fpl$dflt)
    _dflt                                    0x08004717   Thumb Code    46  dflt_clz.o(x$fpl$dflt)
    __aeabi_ui2d                             0x08004745   Thumb Code     0  dflt_clz.o(x$fpl$dfltu)
    _dfltu                                   0x08004745   Thumb Code    38  dflt_clz.o(x$fpl$dfltu)
    __aeabi_cdcmple                          0x0800476d   Thumb Code     0  dleqf.o(x$fpl$dleqf)
    _dcmple                                  0x0800476d   Thumb Code   120  dleqf.o(x$fpl$dleqf)
    __fpl_dcmple_InfNaN                      0x080047cf   Thumb Code     0  dleqf.o(x$fpl$dleqf)
    __aeabi_dmul                             0x080047e5   Thumb Code     0  dmul.o(x$fpl$dmul)
    _dmul                                    0x080047e5   Thumb Code   332  dmul.o(x$fpl$dmul)
    __fpl_dnaninf                            0x08004939   Thumb Code   156  dnaninf.o(x$fpl$dnaninf)
    __fpl_dretinf                            0x080049d5   Thumb Code    12  dretinf.o(x$fpl$dretinf)
    __aeabi_cdrcmple                         0x080049e1   Thumb Code     0  drleqf.o(x$fpl$drleqf)
    _drcmple                                 0x080049e1   Thumb Code   108  drleqf.o(x$fpl$drleqf)
    _fp_init                                 0x08004a4d   Thumb Code    10  fpinit.o(x$fpl$fpinit)
    __fplib_config_fpu_vfp                   0x08004a55   Thumb Code     0  fpinit.o(x$fpl$fpinit)
    __fplib_config_pureend_doubles           0x08004a55   Thumb Code     0  fpinit.o(x$fpl$fpinit)
    AHBPrescTable                            0x08004a56   Data          16  system_stm32g4xx.o(.constdata)
    __I$use$fp                               0x08004a56   Number         0  usenofp.o(x$fpl$usenofp)
    ASCII_Table                              0x08004a66   Data        4560  lcd.o(.constdata)
    Region$$Table$$Base                      0x08005c48   Number         0  anon$$obj.o(Region$$Table)
    Region$$Table$$Limit                     0x08005c68   Number         0  anon$$obj.o(Region$$Table)
    uwTickPrio                               0x20000004   Data           4  stm32g4xx_hal.o(.data)
    uwTickFreq                               0x20000008   Data           4  stm32g4xx_hal.o(.data)
    uwTick                                   0x2000000c   Data           4  stm32g4xx_hal.o(.data)
    SystemCoreClock                          0x20000010   Data           4  system_stm32g4xx.o(.data)
    B1_last_state                            0x20000018   Data           1  fun.o(.data)
    B2_last_state                            0x20000019   Data           1  fun.o(.data)
    B3_last_state                            0x2000001a   Data           1  fun.o(.data)
    B4_last_state                            0x2000001b   Data           1  fun.o(.data)
    lcd_ui                                   0x2000001c   Data           1  fun.o(.data)
    lcd_ui_old                               0x2000001d   Data           1  fun.o(.data)
    ST                                       0x2000001e   Data           1  fun.o(.data)
    DS                                       0x2000001f   Data           1  fun.o(.data)
    DR                                       0x20000020   Data           1  fun.o(.data)
    DS_t                                     0x20000021   Data           1  fun.o(.data)
    DR_t                                     0x20000022   Data           1  fun.o(.data)
    B1_state                                 0x20000023   Data           1  fun.o(.data)
    B2_state                                 0x20000024   Data           1  fun.o(.data)
    B3_state                                 0x20000025   Data           1  fun.o(.data)
    B4_state                                 0x20000026   Data           1  fun.o(.data)
    lcd_ui3                                  0x20000027   Data           1  fun.o(.data)
    i                                        0x20000028   Data           1  fun.o(.data)
    CD                                       0x20000029   Data           1  fun.o(.data)
    CD_RECD                                  0x2000002a   Data           1  fun.o(.data)
    PA15_PA17_1000                           0x2000002b   Data           1  fun.o(.data)
    RECD_lock                                0x2000002c   Data           1  fun.o(.data)
    FS                                       0x2000002e   Data           2  fun.o(.data)
    FR                                       0x20000030   Data           2  fun.o(.data)
    FS_t                                     0x20000032   Data           2  fun.o(.data)
    FR_t                                     0x20000034   Data           2  fun.o(.data)
    CF                                       0x20000036   Data           2  fun.o(.data)
    DF                                       0x20000038   Data           2  fun.o(.data)
    CF_RECD                                  0x2000003a   Data           2  fun.o(.data)
    DF_RECD                                  0x2000003c   Data           2  fun.o(.data)
    XF                                       0x2000003e   Data           2  fun.o(.data)
    XF_RECD                                  0x20000040   Data           2  fun.o(.data)
    sDate                                    0x20000042   Data           4  fun.o(.data)
    sDate_RECD                               0x20000046   Data           4  fun.o(.data)
    fre                                      0x2000004c   Data           4  fun.o(.data)
    capture_value                            0x20000050   Data           4  fun.o(.data)
    R37_DS_DR                                0x20000058   Data           8  fun.o(.data)
    R38_FS_FR                                0x20000060   Data           8  fun.o(.data)
    dummy                                    0x2000006c   Data           2  lcd.o(.data)
    hadc1                                    0x20000070   Data         108  adc.o(.bss)
    hadc2                                    0x200000dc   Data         108  adc.o(.bss)
    hrtc                                     0x20000148   Data          40  rtc.o(.bss)
    htim2                                    0x20000170   Data          76  tim.o(.bss)
    htim3                                    0x200001bc   Data          76  tim.o(.bss)
    htim4                                    0x20000208   Data          76  tim.o(.bss)
    sTime                                    0x20000254   Data          20  fun.o(.bss)
    sTime_RECD                               0x20000268   Data          20  fun.o(.bss)
    lcd_text                                 0x2000027c   Data          25  fun.o(.bss)
    __libspace_start                         0x20000298   Data          96  libspace.o(.bss)
    __temporary_stack_top$libspace           0x200002f8   Data           0  libspace.o(.bss)



==============================================================================

Memory Map of the image

  Image Entry point : 0x080001d9

  Load Region LR_IROM1 (Base: 0x08000000, Size: 0x00005cd8, Max: 0x00020000, ABSOLUTE)

    Execution Region ER_IROM1 (Exec base: 0x08000000, Load base: 0x08000000, Size: 0x00005c68, Max: 0x00020000, ABSOLUTE)

    Exec Addr    Load Addr    Size         Type   Attr      Idx    E Section Name        Object

    0x08000000   0x08000000   0x000001d8   Data   RO            3    RESET               startup_stm32g431xx.o
    0x080001d8   0x080001d8   0x00000008   Code   RO         4402  * !!!main             c_w.l(__main.o)
    0x080001e0   0x080001e0   0x00000034   Code   RO         4597    !!!scatter          c_w.l(__scatter.o)
    0x08000214   0x08000214   0x0000001a   Code   RO         4599    !!handler_copy      c_w.l(__scatter_copy.o)
    0x0800022e   0x0800022e   0x00000002   PAD
    0x08000230   0x08000230   0x0000001c   Code   RO         4601    !!handler_zi        c_w.l(__scatter_zi.o)
    0x0800024c   0x0800024c   0x00000000   Code   RO         4395    .ARM.Collect$$_printf_percent$$00000000  c_w.l(_printf_percent.o)
    0x0800024c   0x0800024c   0x00000006   Code   RO         4394    .ARM.Collect$$_printf_percent$$00000009  c_w.l(_printf_d.o)
    0x08000252   0x08000252   0x00000004   Code   RO         4429    .ARM.Collect$$_printf_percent$$00000017  c_w.l(_printf_percent_end.o)
    0x08000256   0x08000256   0x00000002   Code   RO         4465    .ARM.Collect$$libinit$$00000000  c_w.l(libinit.o)
    0x08000258   0x08000258   0x00000004   Code   RO         4471    .ARM.Collect$$libinit$$00000001  c_w.l(libinit2.o)
    0x0800025c   0x0800025c   0x00000000   Code   RO         4474    .ARM.Collect$$libinit$$00000004  c_w.l(libinit2.o)
    0x0800025c   0x0800025c   0x00000000   Code   RO         4477    .ARM.Collect$$libinit$$0000000A  c_w.l(libinit2.o)
    0x0800025c   0x0800025c   0x00000000   Code   RO         4479    .ARM.Collect$$libinit$$0000000C  c_w.l(libinit2.o)
    0x0800025c   0x0800025c   0x00000000   Code   RO         4481    .ARM.Collect$$libinit$$0000000E  c_w.l(libinit2.o)
    0x0800025c   0x0800025c   0x00000000   Code   RO         4484    .ARM.Collect$$libinit$$00000011  c_w.l(libinit2.o)
    0x0800025c   0x0800025c   0x00000000   Code   RO         4486    .ARM.Collect$$libinit$$00000013  c_w.l(libinit2.o)
    0x0800025c   0x0800025c   0x00000000   Code   RO         4488    .ARM.Collect$$libinit$$00000015  c_w.l(libinit2.o)
    0x0800025c   0x0800025c   0x00000000   Code   RO         4490    .ARM.Collect$$libinit$$00000017  c_w.l(libinit2.o)
    0x0800025c   0x0800025c   0x00000000   Code   RO         4492    .ARM.Collect$$libinit$$00000019  c_w.l(libinit2.o)
    0x0800025c   0x0800025c   0x00000000   Code   RO         4494    .ARM.Collect$$libinit$$0000001B  c_w.l(libinit2.o)
    0x0800025c   0x0800025c   0x00000000   Code   RO         4496    .ARM.Collect$$libinit$$0000001D  c_w.l(libinit2.o)
    0x0800025c   0x0800025c   0x00000000   Code   RO         4498    .ARM.Collect$$libinit$$0000001F  c_w.l(libinit2.o)
    0x0800025c   0x0800025c   0x00000000   Code   RO         4500    .ARM.Collect$$libinit$$00000021  c_w.l(libinit2.o)
    0x0800025c   0x0800025c   0x00000000   Code   RO         4502    .ARM.Collect$$libinit$$00000023  c_w.l(libinit2.o)
    0x0800025c   0x0800025c   0x00000000   Code   RO         4504    .ARM.Collect$$libinit$$00000025  c_w.l(libinit2.o)
    0x0800025c   0x0800025c   0x00000000   Code   RO         4508    .ARM.Collect$$libinit$$0000002C  c_w.l(libinit2.o)
    0x0800025c   0x0800025c   0x00000000   Code   RO         4510    .ARM.Collect$$libinit$$0000002E  c_w.l(libinit2.o)
    0x0800025c   0x0800025c   0x00000000   Code   RO         4512    .ARM.Collect$$libinit$$00000030  c_w.l(libinit2.o)
    0x0800025c   0x0800025c   0x00000000   Code   RO         4514    .ARM.Collect$$libinit$$00000032  c_w.l(libinit2.o)
    0x0800025c   0x0800025c   0x00000002   Code   RO         4515    .ARM.Collect$$libinit$$00000033  c_w.l(libinit2.o)
    0x0800025e   0x0800025e   0x00000002   Code   RO         4535    .ARM.Collect$$libshutdown$$00000000  c_w.l(libshutdown.o)
    0x08000260   0x08000260   0x00000000   Code   RO         4548    .ARM.Collect$$libshutdown$$00000002  c_w.l(libshutdown2.o)
    0x08000260   0x08000260   0x00000000   Code   RO         4550    .ARM.Collect$$libshutdown$$00000004  c_w.l(libshutdown2.o)
    0x08000260   0x08000260   0x00000000   Code   RO         4552    .ARM.Collect$$libshutdown$$00000006  c_w.l(libshutdown2.o)
    0x08000260   0x08000260   0x00000000   Code   RO         4555    .ARM.Collect$$libshutdown$$00000009  c_w.l(libshutdown2.o)
    0x08000260   0x08000260   0x00000000   Code   RO         4558    .ARM.Collect$$libshutdown$$0000000C  c_w.l(libshutdown2.o)
    0x08000260   0x08000260   0x00000000   Code   RO         4560    .ARM.Collect$$libshutdown$$0000000E  c_w.l(libshutdown2.o)
    0x08000260   0x08000260   0x00000000   Code   RO         4563    .ARM.Collect$$libshutdown$$00000011  c_w.l(libshutdown2.o)
    0x08000260   0x08000260   0x00000002   Code   RO         4564    .ARM.Collect$$libshutdown$$00000012  c_w.l(libshutdown2.o)
    0x08000262   0x08000262   0x00000000   Code   RO         4422    .ARM.Collect$$rtentry$$00000000  c_w.l(__rtentry.o)
    0x08000262   0x08000262   0x00000000   Code   RO         4438    .ARM.Collect$$rtentry$$00000002  c_w.l(__rtentry2.o)
    0x08000262   0x08000262   0x00000006   Code   RO         4450    .ARM.Collect$$rtentry$$00000004  c_w.l(__rtentry4.o)
    0x08000268   0x08000268   0x00000000   Code   RO         4440    .ARM.Collect$$rtentry$$00000009  c_w.l(__rtentry2.o)
    0x08000268   0x08000268   0x00000004   Code   RO         4441    .ARM.Collect$$rtentry$$0000000A  c_w.l(__rtentry2.o)
    0x0800026c   0x0800026c   0x00000000   Code   RO         4443    .ARM.Collect$$rtentry$$0000000C  c_w.l(__rtentry2.o)
    0x0800026c   0x0800026c   0x00000008   Code   RO         4444    .ARM.Collect$$rtentry$$0000000D  c_w.l(__rtentry2.o)
    0x08000274   0x08000274   0x00000002   Code   RO         4469    .ARM.Collect$$rtexit$$00000000  c_w.l(rtexit.o)
    0x08000276   0x08000276   0x00000000   Code   RO         4517    .ARM.Collect$$rtexit$$00000002  c_w.l(rtexit2.o)
    0x08000276   0x08000276   0x00000004   Code   RO         4518    .ARM.Collect$$rtexit$$00000003  c_w.l(rtexit2.o)
    0x0800027a   0x0800027a   0x00000006   Code   RO         4519    .ARM.Collect$$rtexit$$00000004  c_w.l(rtexit2.o)
    0x08000280   0x08000280   0x00000040   Code   RO            4    .text               startup_stm32g431xx.o
    0x080002c0   0x080002c0   0x00000028   Code   RO         4366    .text               c_w.l(noretval__2sprintf.o)
    0x080002e8   0x080002e8   0x0000004e   Code   RO         4370    .text               c_w.l(_printf_pad.o)
    0x08000336   0x08000336   0x00000002   PAD
    0x08000338   0x08000338   0x00000078   Code   RO         4372    .text               c_w.l(_printf_dec.o)
    0x080003b0   0x080003b0   0x00000138   Code   RO         4386    .text               c_w.l(__printf_flags_wp.o)
    0x080004e8   0x080004e8   0x00000064   Code   RO         4396    .text               c_w.l(rt_memcpy_w.o)
    0x0800054c   0x0800054c   0x0000004e   Code   RO         4398    .text               c_w.l(rt_memclr_w.o)
    0x0800059a   0x0800059a   0x00000006   Code   RO         4400    .text               c_w.l(heapauxi.o)
    0x080005a0   0x080005a0   0x000000b2   Code   RO         4423    .text               c_w.l(_printf_intcommon.o)
    0x08000652   0x08000652   0x00000002   PAD
    0x08000654   0x08000654   0x00000030   Code   RO         4425    .text               c_w.l(_printf_char_common.o)
    0x08000684   0x08000684   0x0000000a   Code   RO         4427    .text               c_w.l(_sputc.o)
    0x0800068e   0x0800068e   0x0000004a   Code   RO         4456    .text               c_w.l(sys_stackheap_outer.o)
    0x080006d8   0x080006d8   0x00000012   Code   RO         4458    .text               c_w.l(exit.o)
    0x080006ea   0x080006ea   0x00000002   PAD
    0x080006ec   0x080006ec   0x00000008   Code   RO         4466    .text               c_w.l(libspace.o)
    0x080006f4   0x080006f4   0x0000000c   Code   RO         4527    .text               c_w.l(sys_exit.o)
    0x08000700   0x08000700   0x00000002   Code   RO         4538    .text               c_w.l(use_no_semi.o)
    0x08000702   0x08000702   0x00000000   Code   RO         4540    .text               c_w.l(indicate_semi.o)
    0x08000702   0x08000702   0x00000002   PAD
    0x08000704   0x08000704   0x000000ac   Code   RO          497    i.ADC_Enable        stm32g4xx_hal_adc.o
    0x080007b0   0x080007b0   0x00000002   Code   RO          386    i.BusFault_Handler  stm32g4xx_it.o
    0x080007b2   0x080007b2   0x00000002   Code   RO          387    i.DebugMon_Handler  stm32g4xx_it.o
    0x080007b4   0x080007b4   0x0000001c   Code   RO         4159    i.Delay_LCD         lcd.o
    0x080007d0   0x080007d0   0x00000004   Code   RO           13    i.Error_Handler     main.o
    0x080007d4   0x080007d4   0x000000d8   Code   RO          747    i.HAL_ADCEx_MultiModeConfigChannel  stm32g4xx_hal_adc_ex.o
    0x080008ac   0x080008ac   0x00000424   Code   RO          499    i.HAL_ADC_ConfigChannel  stm32g4xx_hal_adc.o
    0x08000cd0   0x08000cd0   0x00000006   Code   RO          506    i.HAL_ADC_GetValue  stm32g4xx_hal_adc.o
    0x08000cd6   0x08000cd6   0x00000002   PAD
    0x08000cd8   0x08000cd8   0x000001f4   Code   RO          508    i.HAL_ADC_Init      stm32g4xx_hal_adc.o
    0x08000ecc   0x08000ecc   0x000000e4   Code   RO          212    i.HAL_ADC_MspInit   adc.o
    0x08000fb0   0x08000fb0   0x000000f4   Code   RO          514    i.HAL_ADC_Start     stm32g4xx_hal_adc.o
    0x080010a4   0x080010a4   0x00000024   Code   RO          946    i.HAL_Delay         stm32g4xx_hal.o
    0x080010c8   0x080010c8   0x00000248   Code   RO         1655    i.HAL_GPIO_Init     stm32g4xx_hal_gpio.o
    0x08001310   0x08001310   0x0000000a   Code   RO         1657    i.HAL_GPIO_ReadPin  stm32g4xx_hal_gpio.o
    0x0800131a   0x0800131a   0x0000000a   Code   RO         1659    i.HAL_GPIO_WritePin  stm32g4xx_hal_gpio.o
    0x08001324   0x08001324   0x0000000c   Code   RO          950    i.HAL_GetTick       stm32g4xx_hal.o
    0x08001330   0x08001330   0x00000010   Code   RO          956    i.HAL_IncTick       stm32g4xx_hal.o
    0x08001340   0x08001340   0x0000001e   Code   RO          957    i.HAL_Init          stm32g4xx_hal.o
    0x0800135e   0x0800135e   0x00000002   PAD
    0x08001360   0x08001360   0x00000044   Code   RO          958    i.HAL_InitTick      stm32g4xx_hal.o
    0x080013a4   0x080013a4   0x00000030   Code   RO          468    i.HAL_MspInit       stm32g4xx_hal_msp.o
    0x080013d4   0x080013d4   0x0000001a   Code   RO         2304    i.HAL_NVIC_EnableIRQ  stm32g4xx_hal_cortex.o
    0x080013ee   0x080013ee   0x00000002   PAD
    0x080013f0   0x080013f0   0x00000040   Code   RO         2310    i.HAL_NVIC_SetPriority  stm32g4xx_hal_cortex.o
    0x08001430   0x08001430   0x00000024   Code   RO         2311    i.HAL_NVIC_SetPriorityGrouping  stm32g4xx_hal_cortex.o
    0x08001454   0x08001454   0x000000bc   Code   RO         2058    i.HAL_PWREx_ControlVoltageScaling  stm32g4xx_hal_pwr_ex.o
    0x08001510   0x08001510   0x00000010   Code   RO         2070    i.HAL_PWREx_DisableUCPDDeadBattery  stm32g4xx_hal_pwr_ex.o
    0x08001520   0x08001520   0x00000288   Code   RO         1317    i.HAL_RCCEx_PeriphCLKConfig  stm32g4xx_hal_rcc_ex.o
    0x080017a8   0x080017a8   0x000001dc   Code   RO         1192    i.HAL_RCC_ClockConfig  stm32g4xx_hal_rcc.o
    0x08001984   0x08001984   0x00000070   Code   RO         1202    i.HAL_RCC_GetSysClockFreq  stm32g4xx_hal_rcc.o
    0x080019f4   0x080019f4   0x00000404   Code   RO         1205    i.HAL_RCC_OscConfig  stm32g4xx_hal_rcc.o
    0x08001df8   0x08001df8   0x00000044   Code   RO         2454    i.HAL_RTC_GetDate   stm32g4xx_hal_rtc.o
    0x08001e3c   0x08001e3c   0x00000054   Code   RO         2456    i.HAL_RTC_GetTime   stm32g4xx_hal_rtc.o
    0x08001e90   0x08001e90   0x0000009c   Code   RO         2457    i.HAL_RTC_Init      stm32g4xx_hal_rtc.o
    0x08001f2c   0x08001f2c   0x00000058   Code   RO          261    i.HAL_RTC_MspInit   rtc.o
    0x08001f84   0x08001f84   0x000000a0   Code   RO         2463    i.HAL_RTC_SetDate   stm32g4xx_hal_rtc.o
    0x08002024   0x08002024   0x000000cc   Code   RO         2464    i.HAL_RTC_SetTime   stm32g4xx_hal_rtc.o
    0x080020f0   0x080020f0   0x00000038   Code   RO         2465    i.HAL_RTC_WaitForSynchro  stm32g4xx_hal_rtc.o
    0x08002128   0x08002128   0x00000028   Code   RO         2315    i.HAL_SYSTICK_Config  stm32g4xx_hal_cortex.o
    0x08002150   0x08002150   0x00000002   Code   RO         3614    i.HAL_TIMEx_Break2Callback  stm32g4xx_hal_tim_ex.o
    0x08002152   0x08002152   0x00000002   Code   RO         3615    i.HAL_TIMEx_BreakCallback  stm32g4xx_hal_tim_ex.o
    0x08002154   0x08002154   0x00000002   Code   RO         3616    i.HAL_TIMEx_CommutCallback  stm32g4xx_hal_tim_ex.o
    0x08002156   0x08002156   0x00000002   Code   RO         3627    i.HAL_TIMEx_DirectionChangeCallback  stm32g4xx_hal_tim_ex.o
    0x08002158   0x08002158   0x00000002   Code   RO         3641    i.HAL_TIMEx_EncoderIndexCallback  stm32g4xx_hal_tim_ex.o
    0x0800215a   0x0800215a   0x00000002   Code   RO         3655    i.HAL_TIMEx_IndexErrorCallback  stm32g4xx_hal_tim_ex.o
    0x0800215c   0x0800215c   0x0000009c   Code   RO         3656    i.HAL_TIMEx_MasterConfigSynchronization  stm32g4xx_hal_tim_ex.o
    0x080021f8   0x080021f8   0x00000002   Code   RO         3677    i.HAL_TIMEx_TransitionErrorCallback  stm32g4xx_hal_tim_ex.o
    0x080021fa   0x080021fa   0x00000062   Code   RO         2900    i.HAL_TIM_Base_Init  stm32g4xx_hal_tim.o
    0x0800225c   0x0800225c   0x00000028   Code   RO          303    i.HAL_TIM_Base_MspInit  tim.o
    0x08002284   0x08002284   0x0000006c   Code   RO         2903    i.HAL_TIM_Base_Start  stm32g4xx_hal_tim.o
    0x080022f0   0x080022f0   0x00000100   Code   RO         2909    i.HAL_TIM_ConfigClockSource  stm32g4xx_hal_tim.o
    0x080023f0   0x080023f0   0x00000030   Code   RO         4081    i.HAL_TIM_IC_CaptureCallback  fun.o
    0x08002420   0x08002420   0x00000124   Code   RO         2936    i.HAL_TIM_IC_ConfigChannel  stm32g4xx_hal_tim.o
    0x08002544   0x08002544   0x00000062   Code   RO         2939    i.HAL_TIM_IC_Init   stm32g4xx_hal_tim.o
    0x080025a6   0x080025a6   0x00000002   PAD
    0x080025a8   0x080025a8   0x00000070   Code   RO          305    i.HAL_TIM_IC_MspInit  tim.o
    0x08002618   0x08002618   0x0000012c   Code   RO         2944    i.HAL_TIM_IC_Start_IT  stm32g4xx_hal_tim.o
    0x08002744   0x08002744   0x000001a2   Code   RO         2948    i.HAL_TIM_IRQHandler  stm32g4xx_hal_tim.o
    0x080028e6   0x080028e6   0x00000002   PAD
    0x080028e8   0x080028e8   0x00000050   Code   RO          306    i.HAL_TIM_MspPostInit  tim.o
    0x08002938   0x08002938   0x00000002   Code   RO         2951    i.HAL_TIM_OC_DelayElapsedCallback  stm32g4xx_hal_tim.o
    0x0800293a   0x0800293a   0x00000124   Code   RO         2972    i.HAL_TIM_PWM_ConfigChannel  stm32g4xx_hal_tim.o
    0x08002a5e   0x08002a5e   0x00000062   Code   RO         2975    i.HAL_TIM_PWM_Init  stm32g4xx_hal_tim.o
    0x08002ac0   0x08002ac0   0x00000028   Code   RO          308    i.HAL_TIM_PWM_MspInit  tim.o
    0x08002ae8   0x08002ae8   0x00000002   Code   RO         2978    i.HAL_TIM_PWM_PulseFinishedCallback  stm32g4xx_hal_tim.o
    0x08002aea   0x08002aea   0x00000002   Code   RO         2986    i.HAL_TIM_PeriodElapsedCallback  stm32g4xx_hal_tim.o
    0x08002aec   0x08002aec   0x00000002   Code   RO         2991    i.HAL_TIM_TriggerCallback  stm32g4xx_hal_tim.o
    0x08002aee   0x08002aee   0x00000002   Code   RO          388    i.HardFault_Handler  stm32g4xx_it.o
    0x08002af0   0x08002af0   0x0000002c   Code   RO         4160    i.LCD_BusIn         lcd.o
    0x08002b1c   0x08002b1c   0x00000030   Code   RO         4161    i.LCD_BusOut        lcd.o
    0x08002b4c   0x08002b4c   0x00000024   Code   RO         4162    i.LCD_Clear         lcd.o
    0x08002b70   0x08002b70   0x00000090   Code   RO         4164    i.LCD_CtrlLinesConfig  lcd.o
    0x08002c00   0x08002c00   0x00000018   Code   RO         4165    i.LCD_DisplayChar   lcd.o
    0x08002c18   0x08002c18   0x0000002a   Code   RO         4168    i.LCD_DisplayStringLine  lcd.o
    0x08002c42   0x08002c42   0x00000002   PAD
    0x08002c44   0x08002c44   0x00000058   Code   RO         4169    i.LCD_DrawChar      lcd.o
    0x08002c9c   0x08002c9c   0x00000034   Code   RO         4175    i.LCD_Init          lcd.o
    0x08002cd0   0x08002cd0   0x00000080   Code   RO         4178    i.LCD_ReadReg       lcd.o
    0x08002d50   0x08002d50   0x00000010   Code   RO         4179    i.LCD_SetBackColor  lcd.o
    0x08002d60   0x08002d60   0x00000018   Code   RO         4180    i.LCD_SetCursor     lcd.o
    0x08002d78   0x08002d78   0x00000010   Code   RO         4182    i.LCD_SetTextColor  lcd.o
    0x08002d88   0x08002d88   0x00000058   Code   RO         4185    i.LCD_WriteRAM      lcd.o
    0x08002de0   0x08002de0   0x0000005c   Code   RO         4186    i.LCD_WriteRAM_Prepare  lcd.o
    0x08002e3c   0x08002e3c   0x0000006c   Code   RO         4187    i.LCD_WriteReg      lcd.o
    0x08002ea8   0x08002ea8   0x0000000c   Code   RO          522    i.LL_ADC_GetOffsetChannel  stm32g4xx_hal_adc.o
    0x08002eb4   0x08002eb4   0x00000008   Code   RO          523    i.LL_ADC_INJ_IsConversionOngoing  stm32g4xx_hal_adc.o
    0x08002ebc   0x08002ebc   0x00000008   Code   RO          524    i.LL_ADC_REG_IsConversionOngoing  stm32g4xx_hal_adc.o
    0x08002ec4   0x08002ec4   0x00000008   Code   RO          757    i.LL_ADC_REG_IsConversionOngoing  stm32g4xx_hal_adc_ex.o
    0x08002ecc   0x08002ecc   0x0000001e   Code   RO          527    i.LL_ADC_SetChannelSamplingTime  stm32g4xx_hal_adc.o
    0x08002eea   0x08002eea   0x00000010   Code   RO          528    i.LL_ADC_SetOffsetState  stm32g4xx_hal_adc.o
    0x08002efa   0x08002efa   0x00000002   PAD
    0x08002efc   0x08002efc   0x00000090   Code   RO          213    i.MX_ADC1_Init      adc.o
    0x08002f8c   0x08002f8c   0x0000007c   Code   RO          214    i.MX_ADC2_Init      adc.o
    0x08003008   0x08003008   0x000000d4   Code   RO          187    i.MX_GPIO_Init      gpio.o
    0x080030dc   0x080030dc   0x0000008c   Code   RO          262    i.MX_RTC_Init       rtc.o
    0x08003168   0x08003168   0x0000006c   Code   RO          309    i.MX_TIM2_Init      tim.o
    0x080031d4   0x080031d4   0x00000074   Code   RO          310    i.MX_TIM3_Init      tim.o
    0x08003248   0x08003248   0x0000006c   Code   RO          311    i.MX_TIM4_Init      tim.o
    0x080032b4   0x080032b4   0x00000002   Code   RO          389    i.MemManage_Handler  stm32g4xx_it.o
    0x080032b6   0x080032b6   0x00000002   Code   RO          390    i.NMI_Handler       stm32g4xx_it.o
    0x080032b8   0x080032b8   0x00000002   Code   RO          391    i.PendSV_Handler    stm32g4xx_it.o
    0x080032ba   0x080032ba   0x00000112   Code   RO         4188    i.REG_8230_Init     lcd.o
    0x080033cc   0x080033cc   0x00000202   Code   RO         4189    i.REG_932X_Init     lcd.o
    0x080035ce   0x080035ce   0x00000012   Code   RO         2466    i.RTC_Bcd2ToByte    stm32g4xx_hal_rtc.o
    0x080035e0   0x080035e0   0x00000018   Code   RO         2467    i.RTC_ByteToBcd2    stm32g4xx_hal_rtc.o
    0x080035f8   0x080035f8   0x0000004a   Code   RO         2468    i.RTC_EnterInitMode  stm32g4xx_hal_rtc.o
    0x08003642   0x08003642   0x00000050   Code   RO         2469    i.RTC_ExitInitMode  stm32g4xx_hal_rtc.o
    0x08003692   0x08003692   0x00000002   Code   RO          392    i.SVC_Handler       stm32g4xx_it.o
    0x08003694   0x08003694   0x00000004   Code   RO          393    i.SysTick_Handler   stm32g4xx_it.o
    0x08003698   0x08003698   0x0000006c   Code   RO           14    i.SystemClock_Config  main.o
    0x08003704   0x08003704   0x00000010   Code   RO         4044    i.SystemInit        system_stm32g4xx.o
    0x08003714   0x08003714   0x0000000c   Code   RO          394    i.TIM2_IRQHandler   stm32g4xx_it.o
    0x08003720   0x08003720   0x000000bc   Code   RO         2993    i.TIM_Base_SetConfig  stm32g4xx_hal_tim.o
    0x080037dc   0x080037dc   0x0000001a   Code   RO         2994    i.TIM_CCxChannelCmd  stm32g4xx_hal_tim.o
    0x080037f6   0x080037f6   0x00000014   Code   RO         3004    i.TIM_ETR_SetConfig  stm32g4xx_hal_tim.o
    0x0800380a   0x0800380a   0x00000002   PAD
    0x0800380c   0x0800380c   0x00000014   Code   RO         3005    i.TIM_ITRx_SetConfig  stm32g4xx_hal_tim.o
    0x08003820   0x08003820   0x0000009c   Code   RO         3006    i.TIM_OC1_SetConfig  stm32g4xx_hal_tim.o
    0x080038bc   0x080038bc   0x00000090   Code   RO         3007    i.TIM_OC2_SetConfig  stm32g4xx_hal_tim.o
    0x0800394c   0x0800394c   0x00000090   Code   RO         3008    i.TIM_OC3_SetConfig  stm32g4xx_hal_tim.o
    0x080039dc   0x080039dc   0x00000090   Code   RO         3009    i.TIM_OC4_SetConfig  stm32g4xx_hal_tim.o
    0x08003a6c   0x08003a6c   0x00000070   Code   RO         3010    i.TIM_OC5_SetConfig  stm32g4xx_hal_tim.o
    0x08003adc   0x08003adc   0x00000070   Code   RO         3011    i.TIM_OC6_SetConfig  stm32g4xx_hal_tim.o
    0x08003b4c   0x08003b4c   0x00000022   Code   RO         3013    i.TIM_TI1_ConfigInputStage  stm32g4xx_hal_tim.o
    0x08003b6e   0x08003b6e   0x00000002   PAD
    0x08003b70   0x08003b70   0x0000006c   Code   RO         3014    i.TIM_TI1_SetConfig  stm32g4xx_hal_tim.o
    0x08003bdc   0x08003bdc   0x00000024   Code   RO         3015    i.TIM_TI2_ConfigInputStage  stm32g4xx_hal_tim.o
    0x08003c00   0x08003c00   0x00000036   Code   RO         3016    i.TIM_TI2_SetConfig  stm32g4xx_hal_tim.o
    0x08003c36   0x08003c36   0x00000002   Code   RO          395    i.UsageFault_Handler  stm32g4xx_it.o
    0x08003c38   0x08003c38   0x00000020   Code   RO         2317    i.__NVIC_SetPriority  stm32g4xx_hal_cortex.o
    0x08003c58   0x08003c58   0x0000000e   Code   RO         4384    i._is_digit         c_w.l(__printf_wp.o)
    0x08003c66   0x08003c66   0x00000002   PAD
    0x08003c68   0x08003c68   0x00000040   Code   RO         4082    i.get_vol           fun.o
    0x08003ca8   0x08003ca8   0x00000170   Code   RO         4083    i.key_scan          fun.o
    0x08003e18   0x08003e18   0x00000150   Code   RO         4084    i.lcd_pwm1          fun.o
    0x08003f68   0x08003f68   0x00000060   Code   RO         4086    i.lcd_recd          fun.o
    0x08003fc8   0x08003fc8   0x00000370   Code   RO         4087    i.lcd_show          fun.o
    0x08004338   0x08004338   0x00000054   Code   RO         4088    i.led_Disp          fun.o
    0x0800438c   0x0800438c   0x00000068   Code   RO           15    i.main              main.o
    0x080043f4   0x080043f4   0x00000018   Code   RO         4454    x$fpl$dcmpinf       fz_wm.l(dcmpi.o)
    0x0800440c   0x0800440c   0x000002b0   Code   RO         4405    x$fpl$ddiv          fz_wm.l(ddiv.o)
    0x080046bc   0x080046bc   0x0000005a   Code   RO         4408    x$fpl$dfixu         fz_wm.l(dfixu.o)
    0x08004716   0x08004716   0x0000002e   Code   RO         4413    x$fpl$dflt          fz_wm.l(dflt_clz.o)
    0x08004744   0x08004744   0x00000026   Code   RO         4412    x$fpl$dfltu         fz_wm.l(dflt_clz.o)
    0x0800476a   0x0800476a   0x00000002   PAD
    0x0800476c   0x0800476c   0x00000078   Code   RO         4430    x$fpl$dleqf         fz_wm.l(dleqf.o)
    0x080047e4   0x080047e4   0x00000154   Code   RO         4418    x$fpl$dmul          fz_wm.l(dmul.o)
    0x08004938   0x08004938   0x0000009c   Code   RO         4432    x$fpl$dnaninf       fz_wm.l(dnaninf.o)
    0x080049d4   0x080049d4   0x0000000c   Code   RO         4434    x$fpl$dretinf       fz_wm.l(dretinf.o)
    0x080049e0   0x080049e0   0x0000006c   Code   RO         4420    x$fpl$drleqf        fz_wm.l(drleqf.o)
    0x08004a4c   0x08004a4c   0x0000000a   Code   RO         4525    x$fpl$fpinit        fz_wm.l(fpinit.o)
    0x08004a56   0x08004a56   0x00000000   Code   RO         4436    x$fpl$usenofp       fz_wm.l(usenofp.o)
    0x08004a56   0x08004a56   0x00000010   Data   RO         4045    .constdata          system_stm32g4xx.o
    0x08004a66   0x08004a66   0x000011d0   Data   RO         4190    .constdata          lcd.o
    0x08005c36   0x08005c36   0x00000011   Data   RO         4387    .constdata          c_w.l(__printf_flags_wp.o)
    0x08005c47   0x08005c47   0x00000001   PAD
    0x08005c48   0x08005c48   0x00000020   Data   RO         4595    Region$$Table       anon$$obj.o


    Execution Region RW_IRAM1 (Exec base: 0x20000000, Load base: 0x08005c68, Size: 0x000008f8, Max: 0x00008000, ABSOLUTE)

    Exec Addr    Load Addr    Size         Type   Attr      Idx    E Section Name        Object

    0x20000000   0x08005c68   0x00000004   Data   RW          216    .data               adc.o
    0x20000004   0x08005c6c   0x0000000c   Data   RW          977    .data               stm32g4xx_hal.o
    0x20000010   0x08005c78   0x00000004   Data   RW         4047    .data               system_stm32g4xx.o
    0x20000014   0x08005c7c   0x00000004   PAD
    0x20000018   0x08005c80   0x00000050   Data   RW         4090    .data               fun.o
    0x20000068   0x08005cd0   0x00000006   Data   RW         4191    .data               lcd.o
    0x2000006e   0x08005cd6   0x00000002   PAD
    0x20000070        -       0x000000d8   Zero   RW          215    .bss                adc.o
    0x20000148        -       0x00000028   Zero   RW          263    .bss                rtc.o
    0x20000170        -       0x000000e4   Zero   RW          312    .bss                tim.o
    0x20000254        -       0x00000041   Zero   RW         4089    .bss                fun.o
    0x20000295   0x08005cd6   0x00000003   PAD
    0x20000298        -       0x00000060   Zero   RW         4467    .bss                c_w.l(libspace.o)
    0x200002f8        -       0x00000200   Zero   RW            2    HEAP                startup_stm32g431xx.o
    0x200004f8        -       0x00000400   Zero   RW            1    STACK               startup_stm32g431xx.o


==============================================================================

Image component sizes


      Code (inc. data)   RO Data    RW Data    ZI Data      Debug   Object Name

       496         40          0          4        216       2690   adc.o
      1876        490          0         80         65       8263   fun.o
       212         18          0          0          0       1031   gpio.o
      1766         78       4560          6          0      11414   lcd.o
       216         14          0          0          0     668072   main.o
       228         20          0          0         40       1771   rtc.o
        64         26        472          0       1536        852   startup_stm32g431xx.o
       162         24          0         12          0       4369   stm32g4xx_hal.o
      2056        120          0          0          0      76367   stm32g4xx_hal_adc.o
       224          8          0          0          0      68099   stm32g4xx_hal_adc_ex.o
       198         14          0          0          0      33879   stm32g4xx_hal_cortex.o
       604         34          0          0          0       3035   stm32g4xx_hal_gpio.o
        48          6          0          0          0        882   stm32g4xx_hal_msp.o
       204         18          0          0          0       1417   stm32g4xx_hal_pwr_ex.o
      1616         68          0          0          0       5106   stm32g4xx_hal_rcc.o
       648         10          0          0          0       1900   stm32g4xx_hal_rcc_ex.o
       924         32          0          0          0       8313   stm32g4xx_hal_rtc.o
      3266        268          0          0          0      22215   stm32g4xx_hal_tim.o
       170         24          0          0          0       5488   stm32g4xx_hal_tim_ex.o
        32          6          0          0          0       4696   stm32g4xx_it.o
        16          4         16          4          0       1151   system_stm32g4xx.o
       604         62          0          0        228       4965   tim.o

    ----------------------------------------------------------------------
     15648       1384       5080        112       2088     935975   Object Totals
         0          0         32          0          0          0   (incl. Generated)
        18          0          0          6          3          0   (incl. Padding)

    ----------------------------------------------------------------------

      Code (inc. data)   RO Data    RW Data    ZI Data      Debug   Library Member Name

         8          0          0          0          0         68   __main.o
       312          4         17          0          0         92   __printf_flags_wp.o
        14          0          0          0          0         68   __printf_wp.o
         0          0          0          0          0          0   __rtentry.o
        12          0          0          0          0          0   __rtentry2.o
         6          0          0          0          0          0   __rtentry4.o
        52          8          0          0          0          0   __scatter.o
        26          0          0          0          0          0   __scatter_copy.o
        28          0          0          0          0          0   __scatter_zi.o
        48          6          0          0          0         96   _printf_char_common.o
         6          0          0          0          0          0   _printf_d.o
       120         16          0          0          0         92   _printf_dec.o
       178          0          0          0          0         88   _printf_intcommon.o
        78          0          0          0          0        108   _printf_pad.o
         0          0          0          0          0          0   _printf_percent.o
         4          0          0          0          0          0   _printf_percent_end.o
        10          0          0          0          0         68   _sputc.o
        18          0          0          0          0         80   exit.o
         6          0          0          0          0        152   heapauxi.o
         0          0          0          0          0          0   indicate_semi.o
         2          0          0          0          0          0   libinit.o
         6          0          0          0          0          0   libinit2.o
         2          0          0          0          0          0   libshutdown.o
         2          0          0          0          0          0   libshutdown2.o
         8          4          0          0         96         68   libspace.o
        40          6          0          0          0         84   noretval__2sprintf.o
        78          0          0          0          0         80   rt_memclr_w.o
       100          0          0          0          0         80   rt_memcpy_w.o
         2          0          0          0          0          0   rtexit.o
        10          0          0          0          0          0   rtexit2.o
        12          4          0          0          0         68   sys_exit.o
        74          0          0          0          0         80   sys_stackheap_outer.o
         2          0          0          0          0         68   use_no_semi.o
        24          0          0          0          0        116   dcmpi.o
       688        140          0          0          0        256   ddiv.o
        90          4          0          0          0        140   dfixu.o
        84          0          0          0          0        232   dflt_clz.o
       120          4          0          0          0        140   dleqf.o
       340         12          0          0          0        152   dmul.o
       156          4          0          0          0        140   dnaninf.o
        12          0          0          0          0        116   dretinf.o
       108          0          0          0          0        128   drleqf.o
        10          0          0          0          0        116   fpinit.o
         0          0          0          0          0          0   usenofp.o

    ----------------------------------------------------------------------
      2910        212         18          0         96       2976   Library Totals
        14          0          1          0          0          0   (incl. Padding)

    ----------------------------------------------------------------------

      Code (inc. data)   RO Data    RW Data    ZI Data      Debug   Library Name

      1264         48         17          0         96       1440   c_w.l
      1632        164          0          0          0       1536   fz_wm.l

    ----------------------------------------------------------------------
      2910        212         18          0         96       2976   Library Totals

    ----------------------------------------------------------------------

==============================================================================


      Code (inc. data)   RO Data    RW Data    ZI Data      Debug   

     18558       1596       5098        112       2184     925175   Grand Totals
     18558       1596       5098        112       2184     925175   ELF Image Totals
     18558       1596       5098        112          0          0   ROM Totals

==============================================================================

    Total RO  Size (Code + RO Data)                23656 (  23.10kB)
    Total RW  Size (RW Data + ZI Data)              2296 (   2.24kB)
    Total ROM Size (Code + RO Data + RW Data)      23768 (  23.21kB)

==============================================================================

